
[13:15:58 UTC] [SUCCESS] {"required_plugins":{"active":[],"inactive":[],"notinstalled":[]},"third_party_required_plugins":[],"update_avilable_plugins":[],"incompatible_plugins":[],"error":false} | Context: {"required_plugins":{"active":[],"inactive":[],"notinstalled":[]},"third_party_required_plugins":[],"update_avilable_plugins":[],"incompatible_plugins":[],"error":false}
[13:15:59 UTC] [SUCCESS] {"permissions":{"is_readable":true,"is_writable":true,"is_wp_filesystem":true},"directory":"\/home\/arvixorc\/blogg.arvixorcapital.com\/wp-content\/uploads"} | Context: {"permissions":{"is_readable":true,"is_writable":true,"is_wp_filesystem":true},"directory":"\/home\/arvixorc\/blogg.arvixorcapital.com\/wp-content\/uploads"}
[13:17:08 UTC] [SUCCESS] {"required_plugins":{"active":[],"inactive":[],"notinstalled":[]},"third_party_required_plugins":[],"update_avilable_plugins":[],"incompatible_plugins":[],"error":false} | Context: {"required_plugins":{"active":[],"inactive":[],"notinstalled":[]},"third_party_required_plugins":[],"update_avilable_plugins":[],"incompatible_plugins":[],"error":false}
[13:17:08 UTC] [SUCCESS] {"permissions":{"is_readable":true,"is_writable":true,"is_wp_filesystem":true},"directory":"\/home\/arvixorc\/blogg.arvixorcapital.com\/wp-content\/uploads"} | Context: {"permissions":{"is_readable":true,"is_writable":true,"is_wp_filesystem":true},"directory":"\/home\/arvixorc\/blogg.arvixorcapital.com\/wp-content\/uploads"}
[13:17:55 UTC] [SUCCESS] {"required_plugins":{"active":[],"inactive":[],"notinstalled":[{"slug":"astra-widgets","init":"astra-widgets\/astra-widgets.php","name":"Astra Widgets","action":"https:\/\/www.blogg.arvixorcapital.com\/wp-admin\/update.php?action=install-plugin&plugin=astra-widgets&_wpnonce=50705c8102"},{"slug":"elementor","init":"elementor\/elementor.php","name":"Elementor","action":"https:\/\/www.blogg.arvixorcapital.com\/wp-admin\/update.php?action=install-plugin&plugin=elementor&_wpnonce=d0e78fa02f"},{"slug":"wpforms-lite","init":"wpforms-lite\/wpforms.php","name":"WPForms Lite","action":"https:\/\/www.blogg.arvixorcapital.com\/wp-admin\/update.php?action=install-plugin&plugin=wpforms-lite&_wpnonce=c7eb1cb2d5"},{"slug":"header-footer-elementor","init":"header-footer-elementor\/header-footer-elementor.php","name":"Ultimate Addons for Elementor Lite","action":"https:\/\/www.blogg.arvixorcapital.com\/wp-admin\/update.php?action=install-plugin&plugin=header-footer-elementor&_wpnonce=45559af01b"},{"slug":"sureforms","init":"sureforms\/sureforms.php","name":"SureForms","action":"https:\/\/www.blogg.arvixorcapital.com\/wp-admin\/update.php?action=install-plugin&plugin=sureforms&_wpnonce=001c65f3be"}]},"third_party_required_plugins":[],"update_avilable_plugins":[],"incompatible_plugins":[],"error":false} | Context: {"required_plugins":{"active":[],"inactive":[],"notinstalled":[{"slug":"astra-widgets","init":"astra-widgets\/astra-widgets.php","name":"Astra Widgets","action":"https:\/\/www.blogg.arvixorcapital.com\/wp-admin\/update.php?action=install-plugin&plugin=astra-widgets&_wpnonce=50705c8102"},{"slug":"elementor","init":"elementor\/elementor.php","name":"Elementor","action":"https:\/\/www.blogg.arvixorcapital.com\/wp-admin\/update.php?action=install-plugin&plugin=elementor&_wpnonce=d0e78fa02f"},{"slug":"wpforms-lite","init":"wpforms-lite\/wpforms.php","name":"WPForms Lite","action":"https:\/\/www.blogg.arvixorcapital.com\/wp-admin\/update.php?action=install-plugin&plugin=wpforms-lite&_wpnonce=c7eb1cb2d5"},{"slug":"header-footer-elementor","init":"header-footer-elementor\/header-footer-elementor.php","name":"Ultimate Addons for Elementor Lite","action":"https:\/\/www.blogg.arvixorcapital.com\/wp-admin\/update.php?action=install-plugin&plugin=header-footer-elementor&_wpnonce=45559af01b"},{"slug":"sureforms","init":"sureforms\/sureforms.php","name":"SureForms","action":"https:\/\/www.blogg.arvixorcapital.com\/wp-admin\/update.php?action=install-plugin&plugin=sureforms&_wpnonce=001c65f3be"}]},"third_party_required_plugins":[],"update_avilable_plugins":[],"incompatible_plugins":[],"error":false}
[13:17:55 UTC] [SUCCESS] {"permissions":{"is_readable":true,"is_writable":true,"is_wp_filesystem":true},"directory":"\/home\/arvixorc\/blogg.arvixorcapital.com\/wp-content\/uploads"} | Context: {"permissions":{"is_readable":true,"is_writable":true,"is_wp_filesystem":true},"directory":"\/home\/arvixorc\/blogg.arvixorcapital.com\/wp-content\/uploads"}
[13:18:13 UTC] [SUCCESS] {"required_plugins":{"active":[],"inactive":[],"notinstalled":[{"slug":"astra-widgets","init":"astra-widgets\/astra-widgets.php","name":"Astra Widgets","action":"https:\/\/www.blogg.arvixorcapital.com\/wp-admin\/update.php?action=install-plugin&plugin=astra-widgets&_wpnonce=50705c8102"},{"slug":"elementor","init":"elementor\/elementor.php","name":"Elementor","action":"https:\/\/www.blogg.arvixorcapital.com\/wp-admin\/update.php?action=install-plugin&plugin=elementor&_wpnonce=d0e78fa02f"},{"slug":"wpforms-lite","init":"wpforms-lite\/wpforms.php","name":"WPForms Lite","action":"https:\/\/www.blogg.arvixorcapital.com\/wp-admin\/update.php?action=install-plugin&plugin=wpforms-lite&_wpnonce=c7eb1cb2d5"},{"slug":"header-footer-elementor","init":"header-footer-elementor\/header-footer-elementor.php","name":"Ultimate Addons for Elementor Lite","action":"https:\/\/www.blogg.arvixorcapital.com\/wp-admin\/update.php?action=install-plugin&plugin=header-footer-elementor&_wpnonce=45559af01b"},{"slug":"sureforms","init":"sureforms\/sureforms.php","name":"SureForms","action":"https:\/\/www.blogg.arvixorcapital.com\/wp-admin\/update.php?action=install-plugin&plugin=sureforms&_wpnonce=001c65f3be"},{"name":"SureRank","slug":"surerank","init":"surerank\/surerank.php","action":"https:\/\/www.blogg.arvixorcapital.com\/wp-admin\/update.php?action=install-plugin&plugin=surerank&_wpnonce=3125f873ab"}]},"third_party_required_plugins":[],"update_avilable_plugins":[],"incompatible_plugins":[],"error":false} | Context: {"required_plugins":{"active":[],"inactive":[],"notinstalled":[{"slug":"astra-widgets","init":"astra-widgets\/astra-widgets.php","name":"Astra Widgets","action":"https:\/\/www.blogg.arvixorcapital.com\/wp-admin\/update.php?action=install-plugin&plugin=astra-widgets&_wpnonce=50705c8102"},{"slug":"elementor","init":"elementor\/elementor.php","name":"Elementor","action":"https:\/\/www.blogg.arvixorcapital.com\/wp-admin\/update.php?action=install-plugin&plugin=elementor&_wpnonce=d0e78fa02f"},{"slug":"wpforms-lite","init":"wpforms-lite\/wpforms.php","name":"WPForms Lite","action":"https:\/\/www.blogg.arvixorcapital.com\/wp-admin\/update.php?action=install-plugin&plugin=wpforms-lite&_wpnonce=c7eb1cb2d5"},{"slug":"header-footer-elementor","init":"header-footer-elementor\/header-footer-elementor.php","name":"Ultimate Addons for Elementor Lite","action":"https:\/\/www.blogg.arvixorcapital.com\/wp-admin\/update.php?action=install-plugin&plugin=header-footer-elementor&_wpnonce=45559af01b"},{"slug":"sureforms","init":"sureforms\/sureforms.php","name":"SureForms","action":"https:\/\/www.blogg.arvixorcapital.com\/wp-admin\/update.php?action=install-plugin&plugin=sureforms&_wpnonce=001c65f3be"},{"name":"SureRank","slug":"surerank","init":"surerank\/surerank.php","action":"https:\/\/www.blogg.arvixorcapital.com\/wp-admin\/update.php?action=install-plugin&plugin=surerank&_wpnonce=3125f873ab"}]},"third_party_required_plugins":[],"update_avilable_plugins":[],"incompatible_plugins":[],"error":false}
[13:18:22 UTC] [INFO] Starting import process | Context: {"template_type":"classic","uuid":""}
[13:18:22 UTC] [INFO] Started Import Process
[13:18:22 UTC] [INFO] # System Details: 
[13:18:22 UTC] [INFO] Debug Mode 		: Disabled
[13:18:22 UTC] [INFO] Operating System 	: Linux
[13:18:22 UTC] [INFO] Software 		: Apache
[13:18:22 UTC] [INFO] MySQL version 		: 10.11.18
[13:18:22 UTC] [INFO] XML Reader 		: Yes
[13:18:22 UTC] [INFO] PHP Version 		: 8.3.31
[13:18:22 UTC] [INFO] PHP Max Input Vars 	: 3000
[13:18:22 UTC] [INFO] PHP Max Post Size 	: 8M
[13:18:22 UTC] [INFO] PHP Extension GD 	: Yes
[13:18:22 UTC] [INFO] PHP Max Execution Time 	: 300
[13:18:22 UTC] [INFO] Max Upload Size 	: 8 MB
[13:18:22 UTC] [INFO] Memory Limit 		: Current memory limit 40M. We recommend setting memory to at least 64M.
[13:18:22 UTC] [INFO] Timezone 		: 0
[13:18:22 UTC] [INFO] 
-----

[13:18:22 UTC] [INFO] Importing Started! - 13:18:22 UTC
[13:18:22 UTC] [INFO] ---

[13:18:22 UTC] [INFO] WHY IMPORT PROCESS CAN FAIL? READ THIS - 
[13:18:22 UTC] [INFO] https://wpastra.com/docs/?p=1314&utm_source=demo-import-panel&utm_campaign=import-error&utm_medium=wp-dashboard

[13:18:22 UTC] [INFO] ---

[13:18:22 UTC] [SUCCESS] Import process start flag set successfully | Context: {"template_type":"classic"}
[13:18:22 UTC] [INFO] Image subsizes deferral enabled for import
[13:18:22 UTC] [INFO] Image subsizes deferral enabled for import
[13:18:23 UTC] [INFO] Checking if plugin directory clearing is needed
[13:18:23 UTC] [INFO] Plugin install clear directory enabled - Will clear destination directory
[13:18:23 UTC] [INFO] Plugin install clear directory options returned
[13:18:28 UTC] [INFO] Image subsizes deferral enabled for import
[13:18:28 UTC] [INFO] Image subsizes deferral enabled for import
[13:18:28 UTC] [SUCCESS] Plugin Activated | Context: {"success":true,"status":"activated","message":"Plugin Activated"}
[13:18:29 UTC] [INFO] Checking if plugin directory clearing is needed
[13:18:29 UTC] [INFO] Plugin install clear directory enabled - Will clear destination directory
[13:18:29 UTC] [INFO] Plugin install clear directory options returned
[13:18:56 UTC] [INFO] Image subsizes deferral enabled for import
[13:19:56 UTC] [INFO] Image subsizes deferral enabled for import
[13:20:16 UTC] [INFO] Image subsizes deferral enabled for import
[13:20:16 UTC] [INFO] Image subsizes deferral enabled for import
[13:20:16 UTC] [SUCCESS] Plugin Activated | Context: {"success":true,"status":"activated","message":"Plugin Activated"}
[13:20:16 UTC] [INFO] Image subsizes deferral enabled for import
[13:20:16 UTC] [INFO] Checking if plugin directory clearing is needed
[13:20:16 UTC] [INFO] Plugin install clear directory enabled - Will clear destination directory
[13:20:16 UTC] [INFO] Plugin install clear directory options returned
[13:20:56 UTC] [INFO] Image subsizes deferral enabled for import
[13:21:09 UTC] [INFO] Image subsizes deferral enabled for import
[13:21:09 UTC] [INFO] Image subsizes deferral enabled for import
[13:21:09 UTC] [SUCCESS] Plugin Activated | Context: {"success":true,"status":"activated","message":"Plugin Activated"}
[13:21:09 UTC] [INFO] Checking if plugin directory clearing is needed
[13:21:09 UTC] [INFO] Plugin install clear directory enabled - Will clear destination directory
[13:21:09 UTC] [INFO] Plugin install clear directory options returned
[13:21:09 UTC] [INFO] Image subsizes deferral enabled for import
[13:21:26 UTC] [INFO] Image subsizes deferral enabled for import
[13:21:26 UTC] [INFO] Image subsizes deferral enabled for import
[13:21:26 UTC] [INFO] Image subsizes deferral enabled for import
[13:21:26 UTC] [SUCCESS] Plugin Activated | Context: {"success":true,"status":"activated","message":"Plugin Activated"}
[13:21:26 UTC] [INFO] Checking if plugin directory clearing is needed
[13:21:26 UTC] [INFO] Plugin install clear directory enabled - Will clear destination directory
[13:21:26 UTC] [INFO] Plugin install clear directory options returned
[13:21:56 UTC] [INFO] Image subsizes deferral enabled for import
[13:22:12 UTC] [INFO] Image subsizes deferral enabled for import
[13:22:13 UTC] [INFO] Image subsizes deferral enabled for import
[13:22:13 UTC] [INFO] Image subsizes deferral enabled for import
[13:22:13 UTC] [SUCCESS] Plugin Activated | Context: {"success":true,"status":"activated","message":"Plugin Activated"}
[13:22:13 UTC] [INFO] Checking if plugin directory clearing is needed
[13:22:13 UTC] [INFO] Plugin install clear directory enabled - Will clear destination directory
[13:22:13 UTC] [INFO] Plugin install clear directory options returned
[13:22:42 UTC] [INFO] Image subsizes deferral enabled for import
[13:22:42 UTC] [SUCCESS] Plugin Activated | Context: {"success":true,"status":"activated","message":"Plugin Activated"}
[13:22:42 UTC] [INFO] Image subsizes deferral enabled for import
[13:22:42 UTC] [INFO] Image subsizes deferral enabled for import
[13:22:45 UTC] [INFO] Image subsizes deferral enabled for import
[13:22:45 UTC] [INFO] All required plugins verified successfully.
[13:22:45 UTC] [INFO] Image subsizes deferral enabled for import
[13:22:46 UTC] [INFO] Image subsizes deferral enabled for import
[13:22:46 UTC] [INFO] ---

[13:22:46 UTC] [INFO] Starting WP Forms import process
[13:22:46 UTC] [INFO] info | Context: {"file_url":"https:\/\/websitedemos.net\/wp-content\/uploads\/astra-sites\/65\/wpforms.json","timeout_seconds":300}
[13:22:47 UTC] [INFO] success | Context: {"file_url":"https:\/\/websitedemos.net\/wp-content\/uploads\/astra-sites\/65\/wpforms.json","file_size":1623,"uploaded_file":"\/home\/arvixorc\/blogg.arvixorcapital.com\/wp-content\/uploads\/2026\/06\/wpforms.json"}
[13:22:47 UTC] [SUCCESS] File downloaded successfully from: https://websitedemos.net/wp-content/uploads/astra-sites/65/wpforms.json
[13:22:47 UTC] [INFO] Checking if WPForms is already loaded
[13:22:47 UTC] [INFO] WPForms is already loaded and ready
[13:22:47 UTC] [SUCCESS] Successfully inserted WP Form ID 23 - Contact Form
[13:22:47 UTC] [INFO] WPForms ID mappings saved: 1 mappings
[13:22:47 UTC] [SUCCESS] WP Forms Imported. | Context: {"message":"WP Forms Imported.","mapping":{"336":23}}
[13:22:47 UTC] [INFO] Image subsizes deferral enabled for import
[13:22:47 UTC] [INFO] ---

[13:22:47 UTC] [INFO] Starting import customizer settings
[13:22:47 UTC] [INFO] Importing customizer settings | Context: {"settings_count":0}
[13:22:47 UTC] [INFO] Fetched customizer data from site data | Context: {"settings_count":2}
[13:22:47 UTC] [INFO] Starting customizer settings import | Context: {"settings_count":2}
[13:22:47 UTC] [INFO] Validating customizer data keys | Context: {"keys":["astra-settings","custom-css"]}
[13:22:47 UTC] [INFO] Old customizer data backed up
[13:22:47 UTC] [SUCCESS] Astra theme settings updated | Context: {"option_key":"astra-settings"}
[13:22:47 UTC] [SUCCESS] Custom CSS updated | Context: {"option_key":"custom-css"}
[13:22:47 UTC] [SUCCESS] Customizer settings import completed successfully
[13:22:47 UTC] [SUCCESS] Customizer settings imported successfully
[13:22:47 UTC] [INFO] Image subsizes deferral enabled for import
[13:22:48 UTC] [INFO] Image subsizes deferral enabled for import
[13:22:48 UTC] [INFO] Image subsizes deferral enabled for import
[13:22:48 UTC] [INFO] Image subsizes deferral enabled for import
[13:22:48 UTC] [INFO] Image subsizes deferral enabled for import
[13:22:49 UTC] [INFO] Image subsizes deferral enabled for import
[13:22:49 UTC] [INFO] ---

[13:22:49 UTC] [INFO] Starting XML preparation process
[13:22:49 UTC] [INFO] Starting XML data preparation | Context: {"wxr_url":"https:\/\/websitedemos.net\/wp-content\/uploads\/astra-sites\/65\/wxr.xml"}
[13:22:49 UTC] [INFO] info | Context: {"url":"https:\/\/websitedemos.net\/wp-content\/uploads\/astra-sites\/65\/wxr.xml","host":"websitedemos.net"}
[13:22:49 UTC] [INFO] WXR URL validation passed
[13:22:49 UTC] [INFO] Starting XML file download | Context: {"url":"https:\/\/websitedemos.net\/wp-content\/uploads\/astra-sites\/65\/wxr.xml"}
[13:22:49 UTC] [INFO] info | Context: {"file_url":"https:\/\/websitedemos.net\/wp-content\/uploads\/astra-sites\/65\/wxr.xml","timeout_seconds":300}
[13:22:55 UTC] [INFO] success | Context: {"file_url":"https:\/\/websitedemos.net\/wp-content\/uploads\/astra-sites\/65\/wxr.xml","file_size":741641,"uploaded_file":"\/home\/arvixorc\/blogg.arvixorcapital.com\/wp-content\/uploads\/2026\/06\/wxr.xml"}
[13:22:55 UTC] [SUCCESS] XML file downloaded successfully | Context: {"file_path":"\/home\/arvixorc\/blogg.arvixorcapital.com\/wp-content\/uploads\/2026\/06\/wxr.xml"}
[13:22:55 UTC] [INFO] Inserting XML file as attachment | Context: {"filename":"wxr.xml"}
[13:22:55 UTC] [SUCCESS] XML attachment created | Context: {"post_id":27}
[13:22:55 UTC] [INFO] Generating attachment metadata | Context: {"post_id":27}
[13:22:55 UTC] [INFO] Parsing XML data from file | Context: {"post_id":27}
[13:22:55 UTC] [INFO] info | Context: {"xml_file_path":"\/home\/arvixorc\/blogg.arvixorcapital.com\/wp-content\/uploads\/2026\/06\/wxr.xml","xml_post_id":27}
[13:22:55 UTC] [INFO] success | Context: {"xml_file_path":"\/home\/arvixorc\/blogg.arvixorcapital.com\/wp-content\/uploads\/2026\/06\/wxr.xml","post_count":24,"media_count":33,"author_count":7,"comment_count":0,"term_count":10}
[13:22:55 UTC] [SUCCESS] XML data preparation completed successfully | Context: {"post_id":27,"has_data":true}
[13:22:56 UTC] [INFO] Image subsizes deferral enabled for import
[13:22:56 UTC] [INFO] Image subsizes deferral enabled for import
[13:22:56 UTC] [INFO] info | Context: {"xml_url_provided":false}
[13:22:56 UTC] [INFO] info | Context: {"xml_url":"\/home\/arvixorc\/blogg.arvixorcapital.com\/wp-content\/uploads\/2026\/06\/wxr.xml","file_size":741641}
[13:23:00 UTC] [INFO] success | Context: {"post_id":1093,"post_type":"nav_menu_item","original_id":16,"post_title":""}
[13:23:00 UTC] [INFO] success | Context: {"post_id":1094,"post_type":"nav_menu_item","original_id":17,"post_title":""}
[13:23:00 UTC] [INFO] success | Context: {"post_id":1095,"post_type":"nav_menu_item","original_id":18,"post_title":""}
[13:23:00 UTC] [INFO] success | Context: {"post_id":19,"post_type":"nav_menu_item","original_id":19,"post_title":""}
[13:23:00 UTC] [INFO] success | Context: {"post_id":34,"post_type":"custom_css","original_id":34,"post_title":"astra"}
[13:23:00 UTC] [INFO] success | Context: {"post_id":449,"post_type":"elementor-hf","original_id":449,"post_title":"Footer"}
[13:23:00 UTC] [INFO] success | Context: {"post_id":532,"post_type":"elementor_library","original_id":532,"post_title":"Default Kit"}
[13:23:03 UTC] [INFO] success | Context: {"post_id":2492,"post_type":"page","original_id":2,"post_title":"Home"}
[13:23:03 UTC] [INFO] success | Context: {"post_id":8,"post_type":"page","original_id":8,"post_title":"About Us"}
[13:23:03 UTC] [INFO] success | Context: {"post_id":10,"post_type":"page","original_id":10,"post_title":"Contact"}
[13:23:03 UTC] [INFO] success | Context: {"post_id":12,"post_type":"page","original_id":12,"post_title":"Amenities"}
[13:23:03 UTC] [INFO] success | Context: {"post_id":14,"post_type":"page","original_id":14,"post_title":"Pricing"}
[13:23:03 UTC] [INFO] success | Context: {"post_id":20,"post_type":"nav_menu_item","original_id":20,"post_title":""}
[13:23:03 UTC] [INFO] success | Context: {"post_id":1162,"post_type":"nav_menu_item","original_id":1162,"post_title":"Home"}
[13:23:03 UTC] [INFO] success | Context: {"post_id":1163,"post_type":"nav_menu_item","original_id":1163,"post_title":"About Us"}
[13:23:03 UTC] [INFO] success | Context: {"post_id":1164,"post_type":"nav_menu_item","original_id":1164,"post_title":"Amenities"}
[13:23:03 UTC] [INFO] success | Context: {"post_id":1165,"post_type":"nav_menu_item","original_id":1165,"post_title":"Pricing"}
[13:23:03 UTC] [INFO] success | Context: {"post_id":1166,"post_type":"nav_menu_item","original_id":1166,"post_title":"Contact"}
[13:23:03 UTC] [INFO] success | Context: {"post_id":1167,"post_type":"nav_menu_item","original_id":1167,"post_title":"Terms and Conditions"}
[13:23:03 UTC] [INFO] success | Context: {"post_id":1168,"post_type":"nav_menu_item","original_id":1168,"post_title":"Legal"}
[13:23:03 UTC] [INFO] success | Context: {"post_id":1169,"post_type":"nav_menu_item","original_id":1169,"post_title":"Business"}
[13:23:03 UTC] [INFO] success | Context: {"post_id":1170,"post_type":"nav_menu_item","original_id":1170,"post_title":"Partners"}
[13:23:03 UTC] [INFO] success | Context: {"post_id":1417,"post_type":"wp_global_styles","original_id":1417,"post_title":"Custom Styles"}
[13:23:03 UTC] [INFO] success | Context: {"post_id":2501,"post_type":"sureforms_form","original_id":2501,"post_title":"Simple Contact Form"}
[13:23:03 UTC] [INFO] success | Context: {"xml_url":"\/home\/arvixorc\/blogg.arvixorcapital.com\/wp-content\/uploads\/2026\/06\/wxr.xml"}
[13:23:04 UTC] [INFO] Image subsizes deferral enabled for import
[13:23:04 UTC] [INFO] ---

[13:23:04 UTC] [INFO] Starting import options
[13:23:04 UTC] [INFO] Importing site options | Context: {"options":[]}
[13:23:04 UTC] [INFO] Starting site options import | Context: {"options_count":62}
[13:23:04 UTC] [INFO] Old site options backed up
[13:23:04 UTC] [INFO] Processing option | Context: {"option_name":"woocommerce_product_attributes"}
[13:23:04 UTC] [INFO] Updating standard option | Context: {"option_name":"woocommerce_product_attributes"}
[13:23:04 UTC] [INFO] Processing option | Context: {"option_name":"woocommerce_product_cat_list"}
[13:23:04 UTC] [INFO] Updating standard option | Context: {"option_name":"woocommerce_product_cat_list"}
[13:23:04 UTC] [INFO] Processing option | Context: {"option_name":"woocommerce_product_cat"}
[13:23:04 UTC] [INFO] Updating standard option | Context: {"option_name":"woocommerce_product_cat"}
[13:23:04 UTC] [INFO] Processing option | Context: {"option_name":"custom_logo"}
[13:23:04 UTC] [INFO] Importing custom logo | Context: {"logo_id":"https:\/\/websitedemos.net\/co-working-space-02\/wp-content\/uploads\/sites\/65\/2020\/06\/theworkplace-logo-dark.svg"}
[13:23:04 UTC] [INFO] info | Context: {"url":"https:\/\/websitedemos.net\/co-working-space-02\/wp-content\/uploads\/sites\/65\/2020\/06\/theworkplace-logo-dark.svg"}
[13:23:04 UTC] [INFO] info | Context: {"url":"https:\/\/websitedemos.net\/co-working-space-02\/wp-content\/uploads\/sites\/65\/2020\/06\/theworkplace-logo-dark.svg","sha1":"0501151225bf937f9e5f0d0bb4698d7505f552b7"}
[13:23:04 UTC] [INFO] info | Context: {"url":"https:\/\/websitedemos.net\/co-working-space-02\/wp-content\/uploads\/sites\/65\/2020\/06\/theworkplace-logo-dark.svg","sha1":"0501151225bf937f9e5f0d0bb4698d7505f552b7"}
[13:23:04 UTC] [INFO] success | Context: {"url":"https:\/\/websitedemos.net\/co-working-space-02\/wp-content\/uploads\/sites\/65\/2020\/06\/theworkplace-logo-dark.svg","attachment_id":"650","attachment_url":"https:\/\/www.blogg.arvixorcapital.com\/wp-content\/uploads\/2020\/06\/theworkplace-logo-dark.svg"}
[13:23:04 UTC] [INFO] success | Context: {"url":"https:\/\/websitedemos.net\/co-working-space-02\/wp-content\/uploads\/sites\/65\/2020\/06\/theworkplace-logo-dark.svg","attachment_id":"650"}
[13:23:04 UTC] [INFO] success | Context: {"url":"https:\/\/websitedemos.net\/co-working-space-02\/wp-content\/uploads\/sites\/65\/2020\/06\/theworkplace-logo-dark.svg","attachment_id":"650","logo_url":"https:\/\/www.blogg.arvixorcapital.com\/wp-content\/uploads\/2020\/06\/theworkplace-logo-dark.svg"}
[13:23:04 UTC] [INFO] Processing option | Context: {"option_name":"nav_menu_locations"}
[13:23:04 UTC] [INFO] Setting navigation menu locations | Context: {"menu_count":1}
[13:23:04 UTC] [INFO] info | Context: {"total_locations":1}
[13:23:04 UTC] [INFO] info | Context: {"location":"primary","slug":"primary-manu","menu_id":20}
[13:23:04 UTC] [INFO] success | Context: {"successful_mappings":1,"failed_locations":[],"total_locations":1}
[13:23:04 UTC] [INFO] Processing option | Context: {"option_name":"show_on_front"}
[13:23:04 UTC] [INFO] Updating standard option | Context: {"option_name":"show_on_front"}
[13:23:04 UTC] [INFO] Processing option | Context: {"option_name":"page_on_front"}
[13:23:04 UTC] [INFO] Updating page ID option | Context: {"option_name":"page_on_front","option_value":"Home"}
[13:23:04 UTC] [INFO] info | Context: {"option_name":"page_on_front","option_value":"Home"}
[13:23:04 UTC] [INFO] success | Context: {"option_name":"page_on_front","page_title":"Home","page_id":2492}
[13:23:04 UTC] [INFO] Processing option | Context: {"option_name":"page_for_posts"}
[13:23:04 UTC] [INFO] Updating page ID option | Context: {"option_name":"page_for_posts","option_value":""}
[13:23:04 UTC] [INFO] warning | Context: {"option_name":"page_for_posts"}
[13:23:04 UTC] [INFO] Option value is null, skipping | Context: {"option_name":"_fl_builder_enabled_icons"}
[13:23:04 UTC] [INFO] Option value is null, skipping | Context: {"option_name":"_fl_builder_enabled_modules"}
[13:23:04 UTC] [INFO] Option value is null, skipping | Context: {"option_name":"_fl_builder_post_types"}
[13:23:04 UTC] [INFO] Option value is null, skipping | Context: {"option_name":"_fl_builder_color_presets"}
[13:23:04 UTC] [INFO] Option value is null, skipping | Context: {"option_name":"_fl_builder_services"}
[13:23:04 UTC] [INFO] Option value is null, skipping | Context: {"option_name":"_fl_builder_settings"}
[13:23:04 UTC] [INFO] Option value is null, skipping | Context: {"option_name":"_fl_builder_user_access"}
[13:23:04 UTC] [INFO] Option value is null, skipping | Context: {"option_name":"_fl_builder_enabled_templates"}
[13:23:04 UTC] [INFO] Processing option | Context: {"option_name":"elementor_container_width"}
[13:23:04 UTC] [INFO] Updating standard option | Context: {"option_name":"elementor_container_width"}
[13:23:04 UTC] [INFO] Processing option | Context: {"option_name":"elementor_cpt_support"}
[13:23:04 UTC] [INFO] Updating standard option | Context: {"option_name":"elementor_cpt_support"}
[13:23:04 UTC] [INFO] Processing option | Context: {"option_name":"elementor_css_print_method"}
[13:23:04 UTC] [INFO] Updating standard option | Context: {"option_name":"elementor_css_print_method"}
[13:23:04 UTC] [INFO] Processing option | Context: {"option_name":"elementor_default_generic_fonts"}
[13:23:04 UTC] [INFO] Updating standard option | Context: {"option_name":"elementor_default_generic_fonts"}
[13:23:04 UTC] [INFO] Processing option | Context: {"option_name":"elementor_disable_color_schemes"}
[13:23:04 UTC] [INFO] Updating standard option | Context: {"option_name":"elementor_disable_color_schemes"}
[13:23:04 UTC] [INFO] Processing option | Context: {"option_name":"elementor_disable_typography_schemes"}
[13:23:04 UTC] [INFO] Updating standard option | Context: {"option_name":"elementor_disable_typography_schemes"}
[13:23:04 UTC] [INFO] Processing option | Context: {"option_name":"elementor_editor_break_lines"}
[13:23:04 UTC] [INFO] Updating standard option | Context: {"option_name":"elementor_editor_break_lines"}
[13:23:04 UTC] [INFO] Option value is null, skipping | Context: {"option_name":"elementor_exclude_user_roles"}
[13:23:04 UTC] [INFO] Processing option | Context: {"option_name":"elementor_global_image_lightbox"}
[13:23:04 UTC] [INFO] Updating standard option | Context: {"option_name":"elementor_global_image_lightbox"}
[13:23:04 UTC] [INFO] Processing option | Context: {"option_name":"elementor_page_title_selector"}
[13:23:04 UTC] [INFO] Updating standard option | Context: {"option_name":"elementor_page_title_selector"}
[13:23:04 UTC] [INFO] Processing option | Context: {"option_name":"elementor_scheme_color"}
[13:23:04 UTC] [INFO] Updating standard option | Context: {"option_name":"elementor_scheme_color"}
[13:23:05 UTC] [INFO] Processing option | Context: {"option_name":"elementor_scheme_color-picker]"}
[13:23:05 UTC] [INFO] Updating standard option | Context: {"option_name":"elementor_scheme_color-picker]"}
[13:23:05 UTC] [INFO] Processing option | Context: {"option_name":"elementor_scheme_typography"}
[13:23:05 UTC] [INFO] Updating standard option | Context: {"option_name":"elementor_scheme_typography"}
[13:23:05 UTC] [INFO] Processing option | Context: {"option_name":"elementor_space_between_widgets"}
[13:23:05 UTC] [INFO] Updating standard option | Context: {"option_name":"elementor_space_between_widgets"}
[13:23:05 UTC] [INFO] Processing option | Context: {"option_name":"elementor_stretched_section_container"}
[13:23:05 UTC] [INFO] Updating standard option | Context: {"option_name":"elementor_stretched_section_container"}
[13:23:05 UTC] [INFO] Processing option | Context: {"option_name":"elementor_load_fa4_shim"}
[13:23:05 UTC] [INFO] Updating standard option | Context: {"option_name":"elementor_load_fa4_shim"}
[13:23:05 UTC] [INFO] Processing option | Context: {"option_name":"elementor_active_kit"}
[13:23:05 UTC] [INFO] Setting up Elementor kit
[13:23:05 UTC] [INFO] Starting Elementor kit setup
[13:23:05 UTC] [INFO] Querying for Elementor kit posts | Context: {"post_type":"elementor_library"}
[13:23:05 UTC] [SUCCESS] Elementor active kit set successfully | Context: {"kit_id":532}
[13:23:05 UTC] [INFO] Processing option | Context: {"option_name":"elementor_experiment-container"}
[13:23:05 UTC] [INFO] Updating standard option | Context: {"option_name":"elementor_experiment-container"}
[13:23:05 UTC] [INFO] Processing option | Context: {"option_name":"elementor_install_history"}
[13:23:05 UTC] [INFO] Updating standard option | Context: {"option_name":"elementor_install_history"}
[13:23:05 UTC] [INFO] Processing option | Context: {"option_name":"woocommerce_shop_page_title"}
[13:23:05 UTC] [INFO] Updating standard option | Context: {"option_name":"woocommerce_shop_page_title"}
[13:23:05 UTC] [INFO] Processing option | Context: {"option_name":"woocommerce_cart_page_title"}
[13:23:05 UTC] [INFO] Updating standard option | Context: {"option_name":"woocommerce_cart_page_title"}
[13:23:05 UTC] [INFO] Processing option | Context: {"option_name":"woocommerce_checkout_page_title"}
[13:23:05 UTC] [INFO] Updating standard option | Context: {"option_name":"woocommerce_checkout_page_title"}
[13:23:05 UTC] [INFO] Processing option | Context: {"option_name":"woocommerce_myaccount_page_title"}
[13:23:05 UTC] [INFO] Updating standard option | Context: {"option_name":"woocommerce_myaccount_page_title"}
[13:23:05 UTC] [INFO] Processing option | Context: {"option_name":"woocommerce_edit_address_page_title"}
[13:23:05 UTC] [INFO] Updating standard option | Context: {"option_name":"woocommerce_edit_address_page_title"}
[13:23:05 UTC] [INFO] Processing option | Context: {"option_name":"woocommerce_view_order_page_title"}
[13:23:05 UTC] [INFO] Updating standard option | Context: {"option_name":"woocommerce_view_order_page_title"}
[13:23:05 UTC] [INFO] Processing option | Context: {"option_name":"woocommerce_change_password_page_title"}
[13:23:05 UTC] [INFO] Updating standard option | Context: {"option_name":"woocommerce_change_password_page_title"}
[13:23:05 UTC] [INFO] Processing option | Context: {"option_name":"woocommerce_logout_page_title"}
[13:23:06 UTC] [INFO] Updating standard option | Context: {"option_name":"woocommerce_logout_page_title"}
[13:23:06 UTC] [INFO] Option value is null, skipping | Context: {"option_name":"woocommerce_enable_guest_checkout"}
[13:23:06 UTC] [INFO] Option value is null, skipping | Context: {"option_name":"woocommerce_enable_checkout_login_reminder"}
[13:23:06 UTC] [INFO] Processing option | Context: {"option_name":"woocommerce_enable_signup_and_login_from_checkout"}
[13:23:06 UTC] [INFO] Updating standard option | Context: {"option_name":"woocommerce_enable_signup_and_login_from_checkout"}
[13:23:06 UTC] [INFO] Processing option | Context: {"option_name":"woocommerce_enable_myaccount_registration"}
[13:23:06 UTC] [INFO] Updating standard option | Context: {"option_name":"woocommerce_enable_myaccount_registration"}
[13:23:06 UTC] [INFO] Processing option | Context: {"option_name":"woocommerce_registration_generate_username"}
[13:23:06 UTC] [INFO] Updating standard option | Context: {"option_name":"woocommerce_registration_generate_username"}
[13:23:06 UTC] [INFO] Option value is null, skipping | Context: {"option_name":"edd_settings"}
[13:23:06 UTC] [INFO] Processing option | Context: {"option_name":"wpforms_settings"}
[13:23:06 UTC] [INFO] Updating standard option | Context: {"option_name":"wpforms_settings"}
[13:23:06 UTC] [INFO] Option value is null, skipping | Context: {"option_name":"learndash_settings_theme_ld30"}
[13:23:06 UTC] [INFO] Option value is null, skipping | Context: {"option_name":"learndash_settings_courses_themes"}
[13:23:06 UTC] [INFO] Option value is null, skipping | Context: {"option_name":"srfm_general_settings_options"}
[13:23:06 UTC] [INFO] Option value is null, skipping | Context: {"option_name":"get_default_dynamic_block_option"}
[13:23:06 UTC] [INFO] Option value is null, skipping | Context: {"option_name":"srfm_default_dynamic_block_option"}
[13:23:06 UTC] [INFO] Option value is null, skipping | Context: {"option_name":"srfm_email_summary_settings_options"}
[13:23:06 UTC] [INFO] Option value is null, skipping | Context: {"option_name":"srfm_security_settings_options"}
[13:23:06 UTC] [INFO] Option value is null, skipping | Context: {"option_name":"cfvsw_global"}
[13:23:06 UTC] [INFO] Option value is null, skipping | Context: {"option_name":"cfvsw_shop"}
[13:23:06 UTC] [INFO] Option value is null, skipping | Context: {"option_name":"cfvsw_style"}
[13:23:06 UTC] [INFO] Processing option | Context: {"option_name":"astra-color-palettes"}
[13:23:06 UTC] [INFO] Updating standard option | Context: {"option_name":"astra-color-palettes"}
[13:23:06 UTC] [INFO] Processing option | Context: {"option_name":"astra-typography-presets"}
[13:23:06 UTC] [INFO] Updating standard option | Context: {"option_name":"astra-typography-presets"}
[13:23:06 UTC] [INFO] Running st_importer_import_site_options action
[13:23:06 UTC] [INFO] Processing site options import - Total options: 62
[13:23:06 UTC] [INFO] Updated option: woocommerce_product_attributes
[13:23:06 UTC] [INFO] Updated option: woocommerce_product_cat_list
[13:23:07 UTC] [INFO] Processing WooCommerce product categories - Total: 0
[13:23:07 UTC] [SUCCESS] WooCommerce product categories processed successfully
[13:23:07 UTC] [INFO] Inserting custom logo from URL: https://websitedemos.net/co-working-space-02/wp-content/uploads/sites/65/2020/06/theworkplace-logo-dark.svg
[13:23:07 UTC] [INFO] Starting image import for URL: https://websitedemos.net/co-working-space-02/wp-content/uploads/sites/65/2020/06/theworkplace-logo-dark.svg
[13:23:07 UTC] [INFO] Image already exists in media library (ID: 650), skipping download
[13:23:07 UTC] [SUCCESS] Custom logo set successfully - ID: 650
[13:23:07 UTC] [INFO] Setting nav menu locations - Total menus: 1
[13:23:07 UTC] [INFO] Menu location 'primary' set to term ID: 20
[13:23:07 UTC] [SUCCESS] Nav menu locations updated successfully
[13:23:07 UTC] [INFO] Updated option: show_on_front | Context: "page"
[13:23:07 UTC] [INFO] Updating page ID for option: page_on_front with value: Home
[13:23:07 UTC] [INFO] Page ID updated for page_on_front: 2492
[13:23:07 UTC] [INFO] Updating page ID for option: page_for_posts with value: 
[13:23:07 UTC] [INFO] Updated option: elementor_container_width | Context: "1200"
[13:23:07 UTC] [INFO] Updated option: elementor_cpt_support | Context: ["post","page"]
[13:23:07 UTC] [INFO] Updated option: elementor_css_print_method | Context: "external"
[13:23:07 UTC] [INFO] Updated option: elementor_default_generic_fonts | Context: "Sans-serif"
[13:23:07 UTC] [INFO] Updated option: elementor_disable_color_schemes | Context: "yes"
[13:23:07 UTC] [INFO] Updated option: elementor_disable_typography_schemes | Context: "yes"
[13:23:07 UTC] [INFO] Updated option: elementor_editor_break_lines
[13:23:07 UTC] [INFO] Updated option: elementor_global_image_lightbox | Context: "yes"
[13:23:07 UTC] [INFO] Updated option: elementor_page_title_selector
[13:23:07 UTC] [INFO] Updated option: elementor_scheme_color | Context: {"1":"#6ec1e4","2":"#54595f","3":"#7a7a7a","4":"#61ce70"}
[13:23:07 UTC] [INFO] Updated option: elementor_scheme_color-picker] | Context: {"1":"#6ec1e4","2":"#54595f","3":"#7a7a7a","4":"#61ce70","5":"#4054b2","6":"#23a455","7":"#000","8":"#fff"}
[13:23:07 UTC] [INFO] Updated option: elementor_scheme_typography | Context: {"1":{"font_family":"","font_weight":""},"2":{"font_family":"","font_weight":""},"3":{"font_family":"","font_weight":""},"4":{"font_family":"","font_weight":""}}
[13:23:07 UTC] [INFO] Updated option: elementor_space_between_widgets
[13:23:07 UTC] [INFO] Updated option: elementor_stretched_section_container
[13:23:07 UTC] [INFO] Updated option: elementor_load_fa4_shim | Context: "yes"
[13:23:07 UTC] [INFO] Searching for Elementor kit to set as active
[13:23:08 UTC] [INFO] Elementor active kit set to ID: 532
[13:23:08 UTC] [INFO] Updated option: elementor_experiment-container | Context: "active"
[13:23:08 UTC] [INFO] Updated option: elementor_install_history | Context: {"3.0.4":1598836834,"3.0.6":1599622088,"3.0.8.1":1600151063,"3.0.9":1600852578,"3.0.11":1601545006,"3.0.12":1603252286,"3.0.13":1604895599,"3.0.14":1607402792,"3.0.16":1610345531,"3.1.1":1613990615,"3.1.2":1614751467,"3.1.3":1614832627,"3.1.4":1615783248,"3.2.2":1619505783,"3.2.3":1620372304,"3.2.4":1622515150,"3.2.5":1623982280,"3.3.1":1627551138}
[13:23:08 UTC] [INFO] Updating WooCommerce page ID for option: woocommerce_shop_page_title with value: 
[13:23:08 UTC] [INFO] Updating page ID for option: woocommerce_shop_page_id with value: 
[13:23:08 UTC] [INFO] Updating WooCommerce page ID for option: woocommerce_cart_page_title with value: 
[13:23:08 UTC] [INFO] Updating page ID for option: woocommerce_cart_page_id with value: 
[13:23:08 UTC] [INFO] Updating WooCommerce page ID for option: woocommerce_checkout_page_title with value: 
[13:23:08 UTC] [INFO] Updating page ID for option: woocommerce_checkout_page_id with value: 
[13:23:08 UTC] [INFO] Updating WooCommerce page ID for option: woocommerce_myaccount_page_title with value: 
[13:23:08 UTC] [INFO] Updating page ID for option: woocommerce_myaccount_page_id with value: 
[13:23:08 UTC] [INFO] Updating WooCommerce page ID for option: woocommerce_edit_address_page_title with value: 
[13:23:08 UTC] [INFO] Updating page ID for option: woocommerce_edit_address_page_id with value: 
[13:23:08 UTC] [INFO] Updating WooCommerce page ID for option: woocommerce_view_order_page_title with value: 
[13:23:08 UTC] [INFO] Updating page ID for option: woocommerce_view_order_page_id with value: 
[13:23:08 UTC] [INFO] Updating WooCommerce page ID for option: woocommerce_change_password_page_title with value: 
[13:23:08 UTC] [INFO] Updating page ID for option: woocommerce_change_password_page_id with value: 
[13:23:08 UTC] [INFO] Updating WooCommerce page ID for option: woocommerce_logout_page_title with value: 
[13:23:08 UTC] [INFO] Updating page ID for option: woocommerce_logout_page_id with value: 
[13:23:08 UTC] [INFO] Updated option: woocommerce_enable_signup_and_login_from_checkout | Context: "no"
[13:23:08 UTC] [INFO] Updated option: woocommerce_enable_myaccount_registration | Context: "no"
[13:23:08 UTC] [INFO] Updated option: woocommerce_registration_generate_username | Context: "no"
[13:23:08 UTC] [INFO] Updated option: wpforms_settings | Context: {"disable-css":"2","global-assets":false,"gdpr":false,"modern-markup":"0","modern-markup-is-set":true}
[13:23:08 UTC] [INFO] Updated option: astra-color-palettes | Context: {"currentPalette":"palette_1","palettes":{"palette_1":["#3b4fe4","#243673","#1a1a1a","#6e7180","#e2e5e7","#ffffff","#3c3c3c","#1a1a1a","#000000"],"palette_2":["#0274be","#07619d","#3a3a3a","#4B4F58","#e4e7e9","#ffffff","#3c3c3c","#424242","#000000"],"palette_3":["#0274be","#07619d","#3a3a3a","#4B4F58","#e4e7e9","#ffffff","#3c3c3c","#424242","#000000"],"palette_4":["#0085FF","#0177E3","#FFFFFF","#E7F6FF","#212A37","#0F172A","#4F5B62","#070614","#222222"]},"flag":false,"presets":{"Oak":["#0067FF","#005EE9","#0F172A","#364151","#E7F6FF","#FFFFFF","#D1DAE5","#070614","#222222"],"Viola":["#6528F7","#5511F8","#0F172A","#454F5E","#F2F0FE","#FFFFFF","#D8D8F5","#0D0614","#222222"],"Cedar":["#DD183B","#CC1939","#0F172A","#3A3A3A","#FFEDE6","#FFFFFF","#FFD1BF","#140609","#222222"],"Willow":["#54B435","#379237","#0F172A","#2F3B40","#EDFBE2","#FFFFFF","#D5EAD8","#0C1406","#222222"],"Lily":["#DCA54A","#D09A40","#0F172A","#4A4A4A","#FAF5E5","#FFFFFF","#F0E6C5","#141004","#222222"],"Rose":["#FB5FAB","#EA559D","#0F172A","#454F5E","#FCEEF5","#FFFFFF","#FAD8E9","#140610","#222222"],"Sage":["#1B9C85","#178E79","#0F172A","#454F5E","#EDF6EE","#FFFFFF","#D4F3D7","#06140C","#222222"],"Flare":["#FD9800","#E98C00","#0F172A","#454F5E","#FEF9E1","#FFFFFF","#F9F0C8","#141006","#222222"],"Maple":["#FF6210","#F15808","#1C0D0A","#353535","#FEF1E4","#FFFFFF","#E5D7D1","#140B06","#222222"],"Birch":["#737880","#65696F","#151616","#393C40","#F6F6F6","#FFFFFF","#F1F0F0","#232529","#222222"],"Dark":["#0085FF","#0177E3","#FFFFFF","#E7F6FF","#212A37","#0F172A","#4F5B62","#070614","#222222"]}}
[13:23:08 UTC] [INFO] Updated option: astra-typography-presets
[13:23:08 UTC] [SUCCESS] Classic templates options import completed successfully
[13:23:09 UTC] [SUCCESS] Site options import completed successfully | Context: {"processed_count":40,"skipped_count":22,"total_count":62}
[13:23:09 UTC] [SUCCESS] Site options Imported!
[13:23:09 UTC] [INFO] Image subsizes deferral enabled for import
[13:23:09 UTC] [INFO] ---

[13:23:09 UTC] [INFO] Starting import widgets
[13:23:09 UTC] [INFO] Importing widgets
[13:23:09 UTC] [INFO] Starting widgets import
[13:23:09 UTC] [INFO] Processing widget data | Context: {"data_type":"string","widgets_data_type":"string"}
[13:23:09 UTC] [INFO] Parsing widget data from JSON string
[13:23:09 UTC] [INFO] Importing widget data via ST_Widget_Importer
[13:23:09 UTC] [INFO] Starting widget import process
[13:23:09 UTC] [INFO] Checking available widgets | Context: {"widget_control_count":26}
[13:23:09 UTC] [INFO] Widget availability check completed | Context: {"available_widget_count":22,"available_widgets":["pages","calendar","archives","media_audio","media_image","media_gallery","media_video","meta","search","text","categories","recent-posts","recent-comments","rss","tag_cloud","nav_menu","custom_html","block","astra-widget-address","astra-widget-list-icons","astra-widget-social-profiles","wpforms-widget"]}
[13:23:09 UTC] [INFO] Loaded widget configuration | Context: {"available_widget_types":22,"sidebar_count":5}
[13:23:09 UTC] [INFO] Processing sidebars from import data | Context: {"sidebar_count_in_data":6}
[13:23:09 UTC] [INFO] Processing sidebar: sidebar-1 | Context: {"sidebar_name":"Main Sidebar","widget_count":6,"availability":"available"}
[13:23:09 UTC] [INFO] Processing widget: search-2 | Context: {"widget_type":"search","instance_id":"2","sidebar_id":"sidebar-1"}
[13:23:09 UTC] [WARNING] Duplicate widget skipped: search-2 | Context: {"widget_type":"search","existing_instance_id":"search-1","sidebar_id":"sidebar-1"}
[13:23:09 UTC] [INFO] Processing widget: recent-posts-2 | Context: {"widget_type":"recent-posts","instance_id":"2","sidebar_id":"sidebar-1"}
[13:23:09 UTC] [INFO] Widget data formatted and saved: recent-posts | Context: {"widget_type":"recent-posts","instance_count":2,"update_result":true}
[13:23:09 UTC] [SUCCESS] Widget imported successfully: recent-posts-1 | Context: {"widget_type":"recent-posts","new_instance_id":"recent-posts-1","sidebar_id":"sidebar-1","widget_title":"No Title"}
[13:23:09 UTC] [INFO] Processing widget: recent-comments-2 | Context: {"widget_type":"recent-comments","instance_id":"2","sidebar_id":"sidebar-1"}
[13:23:09 UTC] [INFO] Widget data formatted and saved: recent-comments | Context: {"widget_type":"recent-comments","instance_count":2,"update_result":true}
[13:23:10 UTC] [SUCCESS] Widget imported successfully: recent-comments-1 | Context: {"widget_type":"recent-comments","new_instance_id":"recent-comments-1","sidebar_id":"sidebar-1","widget_title":"No Title"}
[13:23:10 UTC] [INFO] Processing widget: archives-2 | Context: {"widget_type":"archives","instance_id":"2","sidebar_id":"sidebar-1"}
[13:23:10 UTC] [INFO] Widget data formatted and saved: archives | Context: {"widget_type":"archives","instance_count":2,"update_result":true}
[13:23:10 UTC] [SUCCESS] Widget imported successfully: archives-1 | Context: {"widget_type":"archives","new_instance_id":"archives-1","sidebar_id":"sidebar-1","widget_title":"No Title"}
[13:23:10 UTC] [INFO] Processing widget: categories-2 | Context: {"widget_type":"categories","instance_id":"2","sidebar_id":"sidebar-1"}
[13:23:10 UTC] [INFO] Widget data formatted and saved: categories | Context: {"widget_type":"categories","instance_count":3,"update_result":true}
[13:23:10 UTC] [SUCCESS] Widget imported successfully: categories-2 | Context: {"widget_type":"categories","new_instance_id":"categories-2","sidebar_id":"sidebar-1","widget_title":"No Title"}
[13:23:10 UTC] [INFO] Processing widget: meta-2 | Context: {"widget_type":"meta","instance_id":"2","sidebar_id":"sidebar-1"}
[13:23:10 UTC] [INFO] Widget data formatted and saved: meta | Context: {"widget_type":"meta","instance_count":2,"update_result":true}
[13:23:10 UTC] [SUCCESS] Widget imported successfully: meta-1 | Context: {"widget_type":"meta","new_instance_id":"meta-1","sidebar_id":"sidebar-1","widget_title":"No Title"}
[13:23:10 UTC] [WARNING] Sidebar not available: header-widget | Context: {"widget_count":1,"availability":"unavailable","fallback_location":"inactive_widgets"}
[13:23:10 UTC] [INFO] Processing widget: astra-widget-social-profiles-3 | Context: {"widget_type":"astra-widget-social-profiles","instance_id":"3","sidebar_id":"header-widget"}
[13:23:10 UTC] [INFO] Widget data formatted and saved: astra-widget-social-profiles | Context: {"widget_type":"astra-widget-social-profiles","instance_count":2,"update_result":true}
[13:23:10 UTC] [INFO] Widget imported to inactive widgets: astra-widget-social-profiles-1 | Context: {"widget_type":"astra-widget-social-profiles","new_instance_id":"astra-widget-social-profiles-1","reason":"sidebar_unavailable","widget_title":"No Title"}
[13:23:10 UTC] [INFO] Processing sidebar: footer-widget-1 | Context: {"sidebar_name":"Footer Builder Widget 1","widget_count":1,"availability":"available"}
[13:23:10 UTC] [INFO] Processing widget: text-6 | Context: {"widget_type":"text","instance_id":"6","sidebar_id":"footer-widget-1"}
[13:23:10 UTC] [INFO] Widget data formatted and saved: text | Context: {"widget_type":"text","instance_count":3,"update_result":true}
[13:23:10 UTC] [SUCCESS] Widget imported successfully: text-2 | Context: {"widget_type":"text","new_instance_id":"text-2","sidebar_id":"footer-widget-1","widget_title":"No Title"}
[13:23:10 UTC] [INFO] Processing sidebar: footer-widget-2 | Context: {"sidebar_name":"Footer Builder Widget 2","widget_count":1,"availability":"available"}
[13:23:10 UTC] [INFO] Processing widget: nav_menu-7 | Context: {"widget_type":"nav_menu","instance_id":"7","sidebar_id":"footer-widget-2"}
[13:23:10 UTC] [INFO] Widget data formatted and saved: nav_menu | Context: {"widget_type":"nav_menu","instance_count":2,"update_result":true}
[13:23:10 UTC] [SUCCESS] Widget imported successfully: nav_menu-1 | Context: {"widget_type":"nav_menu","new_instance_id":"nav_menu-1","sidebar_id":"footer-widget-2","widget_title":"Quick Links"}
[13:23:11 UTC] [INFO] Processing sidebar: footer-widget-3 | Context: {"sidebar_name":"Footer Builder Widget 3","widget_count":1,"availability":"available"}
[13:23:11 UTC] [INFO] Processing widget: nav_menu-6 | Context: {"widget_type":"nav_menu","instance_id":"6","sidebar_id":"footer-widget-3"}
[13:23:11 UTC] [INFO] Widget data formatted and saved: nav_menu | Context: {"widget_type":"nav_menu","instance_count":3,"update_result":true}
[13:23:11 UTC] [SUCCESS] Widget imported successfully: nav_menu-2 | Context: {"widget_type":"nav_menu","new_instance_id":"nav_menu-2","sidebar_id":"footer-widget-3","widget_title":"Important Links"}
[13:23:11 UTC] [INFO] Processing sidebar: footer-widget-4 | Context: {"sidebar_name":"Footer Builder Widget 4","widget_count":1,"availability":"available"}
[13:23:11 UTC] [INFO] Processing widget: text-7 | Context: {"widget_type":"text","instance_id":"7","sidebar_id":"footer-widget-4"}
[13:23:11 UTC] [INFO] Widget data formatted and saved: text | Context: {"widget_type":"text","instance_count":4,"update_result":true}
[13:23:11 UTC] [SUCCESS] Widget imported successfully: text-3 | Context: {"widget_type":"text","new_instance_id":"text-3","sidebar_id":"footer-widget-4","widget_title":"Let's Connect!"}
[13:23:11 UTC] [INFO] Widget import process completed | Context: {"total_sidebars_processed":6,"successful_imports":9,"warnings":2,"errors":0,"total_widgets_processed":11}
[13:23:11 UTC] [INFO] Retrieving current sidebars and widgets
[13:23:11 UTC] [INFO] Backing up old widgets data | Context: {"sidebars_count":11}
[13:23:11 UTC] [SUCCESS] Widgets import completed successfully
[13:23:11 UTC] [SUCCESS] Widget Imported!
[13:23:11 UTC] [INFO] Image subsizes deferral enabled for import
[13:23:11 UTC] [INFO] ---

[13:23:11 UTC] [INFO] Setting site data: site-colors
[13:23:12 UTC] [INFO] Image subsizes deferral enabled for import
[13:23:12 UTC] [INFO] ---

[13:23:12 UTC] [INFO] Setting site data: site-typography
[13:23:12 UTC] [INFO] Image subsizes deferral enabled for import
[13:23:12 UTC] [INFO] ---

[13:23:12 UTC] [INFO] Starting import end process
[13:23:12 UTC] [INFO] Finalizing import process
[13:23:12 UTC] [INFO] Setting permalink structure to post name
[13:23:12 UTC] [INFO] Executing import complete actions
[13:23:12 UTC] [INFO] Batch processing started
[13:23:12 UTC] [INFO] Batch processing queue created | Context: {"total_classes":8,"attachment_count":25,"has_images":true}
[13:23:12 UTC] [INFO] Gutenberg batch processing started
[13:23:12 UTC] [INFO] Gutenberg posts retrieved for processing | Context: {"post_count":6,"post_types":"page, post, wp_block, wp_template, wp_navigation, wp_template_part, wp_global_styles, sc_form, spectra-popup, sfwd-courses, sfwd-lessons, sfwd-topic, sfwd-quiz, sfwd-certificates, sfwd-assignment"}
[13:23:12 UTC] [INFO] Processing Gutenberg post | Context: {"post_id":10}
[13:23:12 UTC] [INFO] Skipping post - uses other page builder | Context: {"post_id":10,"elementor":true,"beaver":false,"brizy":false}
[13:23:12 UTC] [INFO] Processing Gutenberg post | Context: {"post_id":12}
[13:23:12 UTC] [INFO] Skipping post - uses other page builder | Context: {"post_id":12,"elementor":true,"beaver":false,"brizy":false}
[13:23:12 UTC] [INFO] Processing Gutenberg post | Context: {"post_id":14}
[13:23:12 UTC] [INFO] Skipping post - uses other page builder | Context: {"post_id":14,"elementor":true,"beaver":false,"brizy":false}
[13:23:12 UTC] [INFO] Processing Gutenberg post | Context: {"post_id":2492}
[13:23:12 UTC] [INFO] Skipping post - uses other page builder | Context: {"post_id":2492,"elementor":true,"beaver":false,"brizy":false}
[13:23:12 UTC] [INFO] Processing Gutenberg post | Context: {"post_id":1417}
[13:23:12 UTC] [INFO] Replacing WPForms IDs in post content | Context: {"post_id":1417,"mappings_count":1}
[13:23:12 UTC] [INFO] Replacing taxonomy category IDs in post content | Context: {"post_id":1417,"mappings_count":1}
[13:23:12 UTC] [INFO] Updating post content (first pass) | Context: {"post_id":1417}
[13:23:13 UTC] [INFO] Starting link extraction and replacement process
[13:23:13 UTC] [INFO] Links discovered in content | Context: {"total_links":0}
[13:23:13 UTC] [INFO] No links found in content, skipping replacement
[13:23:13 UTC] [INFO] Updating post content (second pass with link replacements) | Context: {"post_id":1417}
[13:23:13 UTC] [SUCCESS] Successfully completed processing Gutenberg post | Context: {"post_id":1417}
[13:23:13 UTC] [INFO] Processing Gutenberg post | Context: {"post_id":8}
[13:23:13 UTC] [INFO] Skipping post - uses other page builder | Context: {"post_id":8,"elementor":true,"beaver":false,"brizy":false}
[13:23:13 UTC] [SUCCESS] Gutenberg batch processing completed successfully | Context: {"posts_processed":6}
[13:23:13 UTC] [INFO] Elementor batch processing started
[13:23:13 UTC] [INFO] Elementor posts retrieved for processing | Context: {"post_count":6,"post_types":"page, post, wp_block, wp_template, wp_navigation, wp_template_part, wp_global_styles, sc_form"}
[13:23:13 UTC] [INFO] Processing Elementor post | Context: {"post_id":10}
[13:23:13 UTC] [INFO] Processing Elementor widgets | Context: {"widget_count":4}
[13:23:13 UTC] [INFO] Processing Elementor widgets | Context: {"widget_count":1}
[13:23:13 UTC] [INFO] Processing Elementor widgets | Context: {"widget_count":1}
[13:23:13 UTC] [INFO] Processing Elementor widgets | Context: {"widget_count":0}
[13:23:13 UTC] [INFO] Batch processing queue dispatched to background
[13:23:13 UTC] [INFO] Completed processing Elementor widgets | Context: {"processed_count":0}
[13:23:13 UTC] [INFO] Completed processing Elementor widgets | Context: {"processed_count":1}
[13:23:13 UTC] [INFO] Completed processing Elementor widgets | Context: {"processed_count":1}
[13:23:14 UTC] [INFO] Processing Elementor widgets | Context: {"widget_count":1}
[13:23:14 UTC] [INFO] Processing Elementor widgets | Context: {"widget_count":4}
[13:23:14 UTC] [INFO] Cache for Astra Addon cleared.
[13:23:14 UTC] [INFO] Processing Elementor widgets | Context: {"widget_count":0}
[13:23:14 UTC] [INFO] Batch Process Started..
[13:23:14 UTC] [INFO] Completed processing Elementor widgets | Context: {"processed_count":0}
[13:23:14 UTC] [INFO] Starter Templates - Importing Images for Blog name 'My Blog' (1)
[13:23:14 UTC] [INFO] Processing Elementor widgets | Context: {"widget_count":0}
[13:23:14 UTC] [INFO] Completed processing Elementor widgets | Context: {"processed_count":0}
[13:23:14 UTC] [INFO] Processing Elementor widgets | Context: {"widget_count":0}
[13:23:14 UTC] [SUCCESS] Import completed successfully!
[13:23:14 UTC] [INFO] Completed processing Elementor widgets | Context: {"processed_count":0}
[13:23:14 UTC] [INFO] Processing Elementor widgets | Context: {"widget_count":3}
[13:23:14 UTC] [INFO] Processing Elementor widgets | Context: {"widget_count":1}
[13:23:14 UTC] [INFO] Processing Elementor widgets | Context: {"widget_count":0}
[13:23:14 UTC] [INFO] Completed processing Elementor widgets | Context: {"processed_count":0}
[13:23:14 UTC] [INFO] Completed processing Elementor widgets | Context: {"processed_count":1}
[13:23:15 UTC] [INFO] Processing Elementor widgets | Context: {"widget_count":2}
[13:23:15 UTC] [INFO] Processing Elementor widgets | Context: {"widget_count":0}
[13:23:15 UTC] [INFO] Completed processing Elementor widgets | Context: {"processed_count":0}
[13:23:15 UTC] [INFO] Processing Elementor widgets | Context: {"widget_count":0}
[13:23:15 UTC] [INFO] Completed processing Elementor widgets | Context: {"processed_count":0}
[13:23:15 UTC] [INFO] Completed processing Elementor widgets | Context: {"processed_count":2}
[13:23:15 UTC] [INFO] Processing Elementor widgets | Context: {"widget_count":2}
[13:23:15 UTC] [INFO] Processing Elementor widgets | Context: {"widget_count":0}
[13:23:15 UTC] [INFO] Completed processing Elementor widgets | Context: {"processed_count":0}
[13:23:15 UTC] [INFO] Processing Elementor widgets | Context: {"widget_count":0}
[13:23:15 UTC] [INFO] Completed processing Elementor widgets | Context: {"processed_count":0}
[13:23:15 UTC] [INFO] Completed processing Elementor widgets | Context: {"processed_count":2}
[13:23:15 UTC] [INFO] Completed processing Elementor widgets | Context: {"processed_count":3}
[13:23:15 UTC] [INFO] Completed processing Elementor widgets | Context: {"processed_count":4}
[13:23:15 UTC] [INFO] Completed processing Elementor widgets | Context: {"processed_count":1}
[13:23:15 UTC] [INFO] Processing Elementor widgets | Context: {"widget_count":1}
[13:23:15 UTC] [INFO] Processing Elementor widgets | Context: {"widget_count":1}
[13:23:15 UTC] [INFO] Import process completed. Cleaning up log file option.
[13:23:15 UTC] [INFO] Processing Elementor widgets | Context: {"widget_count":0}
[13:23:16 UTC] [INFO] Completed processing Elementor widgets | Context: {"processed_count":0}
[13:23:16 UTC] [INFO] Completed processing Elementor widgets | Context: {"processed_count":1}
[13:23:16 UTC] [INFO] Completed processing Elementor widgets | Context: {"processed_count":1}
[13:23:16 UTC] [INFO] Processing Elementor widgets | Context: {"widget_count":1}
[13:23:16 UTC] [INFO] Processing Elementor widgets | Context: {"widget_count":3}
[13:23:16 UTC] [INFO] Processing Elementor widgets | Context: {"widget_count":0}
[13:23:16 UTC] [INFO] Completed processing Elementor widgets | Context: {"processed_count":0}
[13:23:16 UTC] [INFO] Processing Elementor widgets | Context: {"widget_count":0}
[13:23:16 UTC] [INFO] Completed processing Elementor widgets | Context: {"processed_count":0}
[13:23:16 UTC] [INFO] Processing Elementor widgets | Context: {"widget_count":0}
[13:23:16 UTC] [INFO] Completed processing Elementor widgets | Context: {"processed_count":0}
[13:23:16 UTC] [INFO] Completed processing Elementor widgets | Context: {"processed_count":3}
[13:23:16 UTC] [INFO] Completed processing Elementor widgets | Context: {"processed_count":1}
[13:23:16 UTC] [INFO] Completed processing Elementor widgets | Context: {"processed_count":4}
[13:23:16 UTC] [SUCCESS] Updated Elementor data successfully | Context: {"post_id":10}
[13:23:16 UTC] [INFO] Cleared Elementor cache | Context: {"post_id":10}
[13:23:16 UTC] [SUCCESS] Completed processing Elementor post | Context: {"post_id":10}
[13:23:16 UTC] [INFO] Processing Elementor post | Context: {"post_id":12}
[13:23:17 UTC] [INFO] Processing Elementor widgets | Context: {"widget_count":5}
[13:23:17 UTC] [INFO] Processing Elementor widgets | Context: {"widget_count":1}
[13:23:17 UTC] [INFO] Processing Elementor widgets | Context: {"widget_count":1}
[13:23:17 UTC] [INFO] Processing Elementor widgets | Context: {"widget_count":0}
[13:23:17 UTC] [INFO] Completed processing Elementor widgets | Context: {"processed_count":0}
[13:23:17 UTC] [INFO] Completed processing Elementor widgets | Context: {"processed_count":1}
[13:23:17 UTC] [INFO] Completed processing Elementor widgets | Context: {"processed_count":1}
[13:23:17 UTC] [INFO] Processing Elementor widgets | Context: {"widget_count":1}
[13:23:17 UTC] [INFO] Processing Elementor widgets | Context: {"widget_count":3}
[13:23:17 UTC] [INFO] Processing Elementor widgets | Context: {"widget_count":0}
[13:23:17 UTC] [INFO] Completed processing Elementor widgets | Context: {"processed_count":0}
[13:23:17 UTC] [INFO] Processing Elementor widgets | Context: {"widget_count":0}
[13:23:17 UTC] [INFO] Completed processing Elementor widgets | Context: {"processed_count":0}
[13:23:17 UTC] [INFO] Processing Elementor widgets | Context: {"widget_count":3}
[13:23:17 UTC] [INFO] Processing Elementor widgets | Context: {"widget_count":3}
[13:23:17 UTC] [INFO] Processing Elementor widgets | Context: {"widget_count":0}
[13:23:17 UTC] [INFO] Completed processing Elementor widgets | Context: {"processed_count":0}
[13:23:17 UTC] [INFO] Processing Elementor widgets | Context: {"widget_count":0}
[13:23:18 UTC] [INFO] Completed processing Elementor widgets | Context: {"processed_count":0}
[13:23:18 UTC] [INFO] Processing Elementor widgets | Context: {"widget_count":0}
[13:23:18 UTC] [INFO] Completed processing Elementor widgets | Context: {"processed_count":0}
[13:23:18 UTC] [INFO] Completed processing Elementor widgets | Context: {"processed_count":3}
[13:23:18 UTC] [INFO] Processing Elementor widgets | Context: {"widget_count":3}
[13:23:18 UTC] [INFO] Processing Elementor widgets | Context: {"widget_count":0}
[13:23:18 UTC] [INFO] Completed processing Elementor widgets | Context: {"processed_count":0}
[13:23:18 UTC] [INFO] Processing Elementor widgets | Context: {"widget_count":0}
[13:23:18 UTC] [INFO] Completed processing Elementor widgets | Context: {"processed_count":0}
[13:23:18 UTC] [INFO] Processing Elementor widgets | Context: {"widget_count":0}
[13:23:18 UTC] [INFO] Completed processing Elementor widgets | Context: {"processed_count":0}
[13:23:18 UTC] [INFO] Completed processing Elementor widgets | Context: {"processed_count":3}
[13:23:18 UTC] [INFO] Processing Elementor widgets | Context: {"widget_count":3}
[13:23:18 UTC] [INFO] Processing Elementor widgets | Context: {"widget_count":0}
[13:23:18 UTC] [INFO] Completed processing Elementor widgets | Context: {"processed_count":0}
[13:23:18 UTC] [INFO] Processing Elementor widgets | Context: {"widget_count":0}
[13:23:18 UTC] [INFO] Completed processing Elementor widgets | Context: {"processed_count":0}
[13:23:19 UTC] [INFO] Processing Elementor widgets | Context: {"widget_count":0}
[13:23:19 UTC] [INFO] Completed processing Elementor widgets | Context: {"processed_count":0}
[13:23:19 UTC] [INFO] Completed processing Elementor widgets | Context: {"processed_count":3}
[13:23:19 UTC] [INFO] Completed processing Elementor widgets | Context: {"processed_count":3}
[13:23:19 UTC] [INFO] Completed processing Elementor widgets | Context: {"processed_count":3}
[13:23:19 UTC] [INFO] Completed processing Elementor widgets | Context: {"processed_count":1}
[13:23:19 UTC] [INFO] Processing Elementor widgets | Context: {"widget_count":1}
[13:23:19 UTC] [INFO] Processing Elementor widgets | Context: {"widget_count":5}
[13:23:19 UTC] [INFO] Processing Elementor widgets | Context: {"widget_count":0}
[13:23:19 UTC] [INFO] Completed processing Elementor widgets | Context: {"processed_count":0}
[13:23:19 UTC] [INFO] Processing Elementor widgets | Context: {"widget_count":0}
[13:23:19 UTC] [INFO] Completed processing Elementor widgets | Context: {"processed_count":0}
[13:23:19 UTC] [INFO] Processing Elementor widgets | Context: {"widget_count":3}
[13:23:19 UTC] [INFO] Processing Elementor widgets | Context: {"widget_count":1}
[13:23:19 UTC] [INFO] Processing Elementor widgets | Context: {"widget_count":0}
[13:23:19 UTC] [INFO] Completed processing Elementor widgets | Context: {"processed_count":0}
[13:23:20 UTC] [INFO] Completed processing Elementor widgets | Context: {"processed_count":1}
[13:23:20 UTC] [INFO] Processing Elementor widgets | Context: {"widget_count":1}
[13:23:20 UTC] [INFO] Processing Elementor widgets | Context: {"widget_count":0}
[13:23:20 UTC] [INFO] Completed processing Elementor widgets | Context: {"processed_count":0}
[13:23:20 UTC] [INFO] Completed processing Elementor widgets | Context: {"processed_count":1}
[13:23:20 UTC] [INFO] Processing Elementor widgets | Context: {"widget_count":1}
[13:23:20 UTC] [INFO] Processing Elementor widgets | Context: {"widget_count":0}
[13:23:20 UTC] [INFO] Completed processing Elementor widgets | Context: {"processed_count":0}
[13:23:20 UTC] [INFO] Completed processing Elementor widgets | Context: {"processed_count":1}
[13:23:20 UTC] [INFO] Completed processing Elementor widgets | Context: {"processed_count":3}
[13:23:20 UTC] [INFO] Processing Elementor widgets | Context: {"widget_count":3}
[13:23:20 UTC] [INFO] Processing Elementor widgets | Context: {"widget_count":1}
[13:23:20 UTC] [INFO] Processing Elementor widgets | Context: {"widget_count":0}
[13:23:20 UTC] [INFO] Completed processing Elementor widgets | Context: {"processed_count":0}
[13:23:20 UTC] [INFO] Completed processing Elementor widgets | Context: {"processed_count":1}
[13:23:20 UTC] [INFO] Processing Elementor widgets | Context: {"widget_count":1}
[13:23:21 UTC] [INFO] Processing Elementor widgets | Context: {"widget_count":0}
[13:23:21 UTC] [INFO] Completed processing Elementor widgets | Context: {"processed_count":0}
[13:23:21 UTC] [INFO] Completed processing Elementor widgets | Context: {"processed_count":1}
[13:23:21 UTC] [INFO] Processing Elementor widgets | Context: {"widget_count":1}
[13:23:21 UTC] [INFO] Processing Elementor widgets | Context: {"widget_count":0}
[13:23:21 UTC] [INFO] Completed processing Elementor widgets | Context: {"processed_count":0}
[13:23:21 UTC] [INFO] Completed processing Elementor widgets | Context: {"processed_count":1}
[13:23:21 UTC] [INFO] Completed processing Elementor widgets | Context: {"processed_count":3}
[13:23:21 UTC] [INFO] Processing Elementor widgets | Context: {"widget_count":3}
[13:23:21 UTC] [INFO] Processing Elementor widgets | Context: {"widget_count":1}
[13:23:21 UTC] [INFO] Processing Elementor widgets | Context: {"widget_count":0}
[13:23:21 UTC] [INFO] Completed processing Elementor widgets | Context: {"processed_count":0}
[13:23:21 UTC] [INFO] Completed processing Elementor widgets | Context: {"processed_count":1}
[13:23:21 UTC] [INFO] Processing Elementor widgets | Context: {"widget_count":1}
[13:23:21 UTC] [INFO] Processing Elementor widgets | Context: {"widget_count":0}
[13:23:21 UTC] [INFO] Completed processing Elementor widgets | Context: {"processed_count":0}
[13:23:22 UTC] [INFO] Completed processing Elementor widgets | Context: {"processed_count":1}
[13:23:22 UTC] [INFO] Processing Elementor widgets | Context: {"widget_count":1}
[13:23:22 UTC] [INFO] Processing Elementor widgets | Context: {"widget_count":0}
[13:23:22 UTC] [INFO] Completed processing Elementor widgets | Context: {"processed_count":0}
[13:23:22 UTC] [INFO] Completed processing Elementor widgets | Context: {"processed_count":1}
[13:23:22 UTC] [INFO] Completed processing Elementor widgets | Context: {"processed_count":3}
[13:23:22 UTC] [INFO] Completed processing Elementor widgets | Context: {"processed_count":5}
[13:23:22 UTC] [INFO] Completed processing Elementor widgets | Context: {"processed_count":1}
[13:23:22 UTC] [INFO] Processing Elementor widgets | Context: {"widget_count":2}
[13:23:22 UTC] [INFO] Processing Elementor widgets | Context: {"widget_count":1}
[13:23:22 UTC] [INFO] Processing Elementor widgets | Context: {"widget_count":0}
[13:23:22 UTC] [INFO] Completed processing Elementor widgets | Context: {"processed_count":0}
[13:23:22 UTC] [INFO] Completed processing Elementor widgets | Context: {"processed_count":1}
[13:23:22 UTC] [INFO] Processing Elementor widgets | Context: {"widget_count":2}
[13:23:22 UTC] [INFO] Processing Elementor widgets | Context: {"widget_count":0}
[13:23:22 UTC] [INFO] Completed processing Elementor widgets | Context: {"processed_count":0}
[13:23:23 UTC] [INFO] Processing Elementor widgets | Context: {"widget_count":0}
[13:23:23 UTC] [INFO] Completed processing Elementor widgets | Context: {"processed_count":0}
[13:23:23 UTC] [INFO] Completed processing Elementor widgets | Context: {"processed_count":2}
[13:23:23 UTC] [INFO] Completed processing Elementor widgets | Context: {"processed_count":2}
[13:23:23 UTC] [INFO] Processing Elementor widgets | Context: {"widget_count":1}
[13:23:23 UTC] [INFO] Processing Elementor widgets | Context: {"widget_count":3}
[13:23:23 UTC] [INFO] Processing Elementor widgets | Context: {"widget_count":0}
[13:23:23 UTC] [INFO] Completed processing Elementor widgets | Context: {"processed_count":0}
[13:23:23 UTC] [INFO] Processing Elementor widgets | Context: {"widget_count":0}
[13:23:23 UTC] [INFO] Completed processing Elementor widgets | Context: {"processed_count":0}
[13:23:23 UTC] [INFO] Processing Elementor widgets | Context: {"widget_count":0}
[13:23:23 UTC] [INFO] Completed processing Elementor widgets | Context: {"processed_count":0}
[13:23:23 UTC] [INFO] Completed processing Elementor widgets | Context: {"processed_count":3}
[13:23:23 UTC] [INFO] Completed processing Elementor widgets | Context: {"processed_count":1}
[13:23:23 UTC] [INFO] Completed processing Elementor widgets | Context: {"processed_count":5}
[13:23:24 UTC] [SUCCESS] Updated Elementor data successfully | Context: {"post_id":12}
[13:23:24 UTC] [INFO] Cleared Elementor cache | Context: {"post_id":12}
[13:23:24 UTC] [SUCCESS] Completed processing Elementor post | Context: {"post_id":12}
[13:23:24 UTC] [INFO] Processing Elementor post | Context: {"post_id":14}
[13:23:24 UTC] [INFO] Processing Elementor widgets | Context: {"widget_count":4}
[13:23:24 UTC] [INFO] Processing Elementor widgets | Context: {"widget_count":1}
[13:23:24 UTC] [INFO] Processing Elementor widgets | Context: {"widget_count":1}
[13:23:24 UTC] [INFO] Processing Elementor widgets | Context: {"widget_count":0}
[13:23:24 UTC] [INFO] Completed processing Elementor widgets | Context: {"processed_count":0}
[13:23:24 UTC] [INFO] Completed processing Elementor widgets | Context: {"processed_count":1}
[13:23:24 UTC] [INFO] Completed processing Elementor widgets | Context: {"processed_count":1}
[13:23:24 UTC] [INFO] Processing Elementor widgets | Context: {"widget_count":1}
[13:23:24 UTC] [INFO] Processing Elementor widgets | Context: {"widget_count":5}
[13:23:24 UTC] [INFO] Processing Elementor widgets | Context: {"widget_count":0}
[13:23:24 UTC] [INFO] Completed processing Elementor widgets | Context: {"processed_count":0}
[13:23:25 UTC] [INFO] Processing Elementor widgets | Context: {"widget_count":0}
[13:23:25 UTC] [INFO] Completed processing Elementor widgets | Context: {"processed_count":0}
[13:23:25 UTC] [INFO] Processing Elementor widgets | Context: {"widget_count":2}
[13:23:25 UTC] [INFO] Processing Elementor widgets | Context: {"widget_count":1}
[13:23:25 UTC] [INFO] Processing Elementor widgets | Context: {"widget_count":0}
[13:23:25 UTC] [INFO] Completed processing Elementor widgets | Context: {"processed_count":0}
[13:23:25 UTC] [INFO] Completed processing Elementor widgets | Context: {"processed_count":1}
[13:23:25 UTC] [INFO] Processing Elementor widgets | Context: {"widget_count":5}
[13:23:25 UTC] [INFO] Processing Elementor widgets | Context: {"widget_count":0}
[13:23:25 UTC] [INFO] Completed processing Elementor widgets | Context: {"processed_count":0}
[13:23:25 UTC] [INFO] Processing Elementor widgets | Context: {"widget_count":0}
[13:23:25 UTC] [INFO] Completed processing Elementor widgets | Context: {"processed_count":0}
[13:23:25 UTC] [INFO] Processing Elementor widgets | Context: {"widget_count":0}
[13:23:25 UTC] [INFO] Completed processing Elementor widgets | Context: {"processed_count":0}
[13:23:25 UTC] [INFO] Processing Elementor widgets | Context: {"widget_count":0}
[13:23:26 UTC] [INFO] Completed processing Elementor widgets | Context: {"processed_count":0}
[13:23:26 UTC] [INFO] Processing Elementor widgets | Context: {"widget_count":0}
[13:23:26 UTC] [INFO] Completed processing Elementor widgets | Context: {"processed_count":0}
[13:23:26 UTC] [INFO] Completed processing Elementor widgets | Context: {"processed_count":5}
[13:23:26 UTC] [INFO] Completed processing Elementor widgets | Context: {"processed_count":2}
[13:23:26 UTC] [INFO] Processing Elementor widgets | Context: {"widget_count":2}
[13:23:26 UTC] [INFO] Processing Elementor widgets | Context: {"widget_count":5}
[13:23:26 UTC] [INFO] Processing Elementor widgets | Context: {"widget_count":0}
[13:23:26 UTC] [INFO] Completed processing Elementor widgets | Context: {"processed_count":0}
[13:23:26 UTC] [INFO] Processing Elementor widgets | Context: {"widget_count":0}
[13:23:26 UTC] [INFO] Completed processing Elementor widgets | Context: {"processed_count":0}
[13:23:26 UTC] [INFO] Processing Elementor widgets | Context: {"widget_count":0}
[13:23:26 UTC] [INFO] Completed processing Elementor widgets | Context: {"processed_count":0}
[13:23:26 UTC] [INFO] Processing Elementor widgets | Context: {"widget_count":0}
[13:23:27 UTC] [INFO] Completed processing Elementor widgets | Context: {"processed_count":0}
[13:23:27 UTC] [INFO] Processing Elementor widgets | Context: {"widget_count":0}
[13:23:27 UTC] [INFO] Completed processing Elementor widgets | Context: {"processed_count":0}
[13:23:27 UTC] [INFO] Completed processing Elementor widgets | Context: {"processed_count":5}
[13:23:27 UTC] [INFO] Processing Elementor widgets | Context: {"widget_count":1}
[13:23:27 UTC] [INFO] Processing Elementor widgets | Context: {"widget_count":0}
[13:23:27 UTC] [INFO] Completed processing Elementor widgets | Context: {"processed_count":0}
[13:23:27 UTC] [INFO] Completed processing Elementor widgets | Context: {"processed_count":1}
[13:23:27 UTC] [INFO] Completed processing Elementor widgets | Context: {"processed_count":2}
[13:23:27 UTC] [INFO] Processing Elementor widgets | Context: {"widget_count":2}
[13:23:27 UTC] [INFO] Processing Elementor widgets | Context: {"widget_count":1}
[13:23:27 UTC] [INFO] Processing Elementor widgets | Context: {"widget_count":0}
[13:23:27 UTC] [INFO] Completed processing Elementor widgets | Context: {"processed_count":0}
[13:23:27 UTC] [INFO] Completed processing Elementor widgets | Context: {"processed_count":1}
[13:23:28 UTC] [INFO] Processing Elementor widgets | Context: {"widget_count":5}
[13:23:28 UTC] [INFO] Processing Elementor widgets | Context: {"widget_count":0}
[13:23:28 UTC] [INFO] Completed processing Elementor widgets | Context: {"processed_count":0}
[13:23:28 UTC] [INFO] Processing Elementor widgets | Context: {"widget_count":0}
[13:23:28 UTC] [INFO] Completed processing Elementor widgets | Context: {"processed_count":0}
[13:23:28 UTC] [INFO] Processing Elementor widgets | Context: {"widget_count":0}
[13:23:28 UTC] [INFO] Completed processing Elementor widgets | Context: {"processed_count":0}
[13:23:28 UTC] [INFO] Processing Elementor widgets | Context: {"widget_count":0}
[13:23:28 UTC] [INFO] Completed processing Elementor widgets | Context: {"processed_count":0}
[13:23:28 UTC] [INFO] Processing Elementor widgets | Context: {"widget_count":0}
[13:23:28 UTC] [INFO] Completed processing Elementor widgets | Context: {"processed_count":0}
[13:23:28 UTC] [INFO] Completed processing Elementor widgets | Context: {"processed_count":5}
[13:23:28 UTC] [INFO] Completed processing Elementor widgets | Context: {"processed_count":2}
[13:23:28 UTC] [INFO] Completed processing Elementor widgets | Context: {"processed_count":5}
[13:23:29 UTC] [INFO] Completed processing Elementor widgets | Context: {"processed_count":1}
[13:23:29 UTC] [INFO] Processing Elementor widgets | Context: {"widget_count":2}
[13:23:29 UTC] [INFO] Processing Elementor widgets | Context: {"widget_count":1}
[13:23:29 UTC] [INFO] Processing Elementor widgets | Context: {"widget_count":0}
[13:23:29 UTC] [INFO] Completed processing Elementor widgets | Context: {"processed_count":0}
[13:23:29 UTC] [INFO] Completed processing Elementor widgets | Context: {"processed_count":1}
[13:23:29 UTC] [INFO] Processing Elementor widgets | Context: {"widget_count":2}
[13:23:29 UTC] [INFO] Processing Elementor widgets | Context: {"widget_count":0}
[13:23:29 UTC] [INFO] Completed processing Elementor widgets | Context: {"processed_count":0}
[13:23:29 UTC] [INFO] Processing Elementor widgets | Context: {"widget_count":0}
[13:23:29 UTC] [INFO] Completed processing Elementor widgets | Context: {"processed_count":0}
[13:23:29 UTC] [INFO] Completed processing Elementor widgets | Context: {"processed_count":2}
[13:23:29 UTC] [INFO] Completed processing Elementor widgets | Context: {"processed_count":2}
[13:23:30 UTC] [INFO] Processing Elementor widgets | Context: {"widget_count":1}
[13:23:30 UTC] [INFO] Processing Elementor widgets | Context: {"widget_count":2}
[13:23:30 UTC] [INFO] Processing Elementor widgets | Context: {"widget_count":0}
[13:23:30 UTC] [INFO] Completed processing Elementor widgets | Context: {"processed_count":0}
[13:23:30 UTC] [INFO] Processing Elementor widgets | Context: {"widget_count":0}
[13:23:30 UTC] [INFO] Completed processing Elementor widgets | Context: {"processed_count":0}
[13:23:30 UTC] [INFO] Completed processing Elementor widgets | Context: {"processed_count":2}
[13:23:30 UTC] [INFO] Completed processing Elementor widgets | Context: {"processed_count":1}
[13:23:30 UTC] [INFO] Completed processing Elementor widgets | Context: {"processed_count":4}
[13:23:30 UTC] [SUCCESS] Updated Elementor data successfully | Context: {"post_id":14}
[13:23:30 UTC] [INFO] Cleared Elementor cache | Context: {"post_id":14}
[13:23:31 UTC] [SUCCESS] Completed processing Elementor post | Context: {"post_id":14}
[13:23:31 UTC] [INFO] Processing Elementor post | Context: {"post_id":2492}
[13:23:31 UTC] [INFO] Processing Elementor widgets | Context: {"widget_count":5}
[13:23:31 UTC] [INFO] Processing Elementor widgets | Context: {"widget_count":1}
[13:23:31 UTC] [INFO] Processing Elementor widgets | Context: {"widget_count":2}
[13:23:31 UTC] [INFO] Processing Elementor widgets | Context: {"widget_count":0}
[13:23:31 UTC] [INFO] Completed processing Elementor widgets | Context: {"processed_count":0}
[13:23:31 UTC] [INFO] Processing Elementor widgets | Context: {"widget_count":0}
[13:23:31 UTC] [INFO] Completed processing Elementor widgets | Context: {"processed_count":0}
[13:23:31 UTC] [INFO] Completed processing Elementor widgets | Context: {"processed_count":2}
[13:23:31 UTC] [INFO] Completed processing Elementor widgets | Context: {"processed_count":1}
[13:23:32 UTC] [INFO] Processing Elementor widgets | Context: {"widget_count":1}
[13:23:32 UTC] [INFO] Processing Elementor widgets | Context: {"widget_count":5}
[13:23:32 UTC] [INFO] Processing Elementor widgets | Context: {"widget_count":0}
[13:23:32 UTC] [INFO] Completed processing Elementor widgets | Context: {"processed_count":0}
[13:23:32 UTC] [INFO] Processing Elementor widgets | Context: {"widget_count":0}
[13:23:32 UTC] [INFO] Completed processing Elementor widgets | Context: {"processed_count":0}
[13:23:32 UTC] [INFO] Processing Elementor widgets | Context: {"widget_count":0}
[13:23:32 UTC] [INFO] Completed processing Elementor widgets | Context: {"processed_count":0}
[13:23:32 UTC] [INFO] Processing Elementor widgets | Context: {"widget_count":3}
[13:23:32 UTC] [INFO] Processing Elementor widgets | Context: {"widget_count":1}
[13:23:33 UTC] [INFO] Processing Elementor widgets | Context: {"widget_count":0}
[13:23:33 UTC] [INFO] Completed processing Elementor widgets | Context: {"processed_count":0}
[13:23:33 UTC] [INFO] Completed processing Elementor widgets | Context: {"processed_count":1}
[13:23:33 UTC] [INFO] Processing Elementor widgets | Context: {"widget_count":1}
[13:23:33 UTC] [INFO] Processing Elementor widgets | Context: {"widget_count":0}
[13:23:33 UTC] [INFO] Completed processing Elementor widgets | Context: {"processed_count":0}
[13:23:33 UTC] [INFO] Completed processing Elementor widgets | Context: {"processed_count":1}
[13:23:33 UTC] [INFO] Processing Elementor widgets | Context: {"widget_count":1}
[13:23:33 UTC] [INFO] Processing Elementor widgets | Context: {"widget_count":0}
[13:23:34 UTC] [INFO] Completed processing Elementor widgets | Context: {"processed_count":0}
[13:23:34 UTC] [INFO] Completed processing Elementor widgets | Context: {"processed_count":1}
[13:23:34 UTC] [INFO] Completed processing Elementor widgets | Context: {"processed_count":3}
[13:23:34 UTC] [INFO] Processing Elementor widgets | Context: {"widget_count":2}
[13:23:34 UTC] [INFO] Processing Elementor widgets | Context: {"widget_count":1}
[13:23:34 UTC] [INFO] Processing Elementor widgets | Context: {"widget_count":0}
[13:23:34 UTC] [INFO] Completed processing Elementor widgets | Context: {"processed_count":0}
[13:23:34 UTC] [INFO] Completed processing Elementor widgets | Context: {"processed_count":1}
[13:23:34 UTC] [INFO] Processing Elementor widgets | Context: {"widget_count":1}
[13:23:35 UTC] [INFO] Processing Elementor widgets | Context: {"widget_count":0}
[13:23:35 UTC] [INFO] Completed processing Elementor widgets | Context: {"processed_count":0}
[13:23:35 UTC] [INFO] Completed processing Elementor widgets | Context: {"processed_count":1}
[13:23:35 UTC] [INFO] Completed processing Elementor widgets | Context: {"processed_count":2}
[13:23:35 UTC] [INFO] Completed processing Elementor widgets | Context: {"processed_count":5}
[13:23:35 UTC] [INFO] Completed processing Elementor widgets | Context: {"processed_count":1}
[13:23:35 UTC] [INFO] Processing Elementor widgets | Context: {"widget_count":2}
[13:23:35 UTC] [INFO] Processing Elementor widgets | Context: {"widget_count":1}
[13:23:35 UTC] [INFO] Processing Elementor widgets | Context: {"widget_count":0}
[13:23:36 UTC] [INFO] Completed processing Elementor widgets | Context: {"processed_count":0}
[13:23:36 UTC] [INFO] Completed processing Elementor widgets | Context: {"processed_count":1}
[13:23:36 UTC] [INFO] Processing Elementor widgets | Context: {"widget_count":2}
[13:23:36 UTC] [INFO] Processing Elementor widgets | Context: {"widget_count":0}
[13:23:36 UTC] [INFO] Completed processing Elementor widgets | Context: {"processed_count":0}
[13:23:36 UTC] [INFO] Processing Elementor widgets | Context: {"widget_count":0}
[13:23:36 UTC] [INFO] Completed processing Elementor widgets | Context: {"processed_count":0}
[13:23:36 UTC] [INFO] Completed processing Elementor widgets | Context: {"processed_count":2}
[13:23:36 UTC] [INFO] Completed processing Elementor widgets | Context: {"processed_count":2}
[13:23:36 UTC] [INFO] Processing Elementor widgets | Context: {"widget_count":1}
[13:23:36 UTC] [INFO] Processing Elementor widgets | Context: {"widget_count":2}
[13:23:37 UTC] [INFO] Processing Elementor widgets | Context: {"widget_count":2}
[13:23:37 UTC] [INFO] Processing Elementor widgets | Context: {"widget_count":4}
[13:23:37 UTC] [INFO] Processing Elementor widgets | Context: {"widget_count":0}
[13:23:37 UTC] [INFO] Completed processing Elementor widgets | Context: {"processed_count":0}
[13:23:37 UTC] [INFO] Processing Elementor widgets | Context: {"widget_count":0}
[13:23:37 UTC] [INFO] Completed processing Elementor widgets | Context: {"processed_count":0}
[13:23:37 UTC] [INFO] Processing Elementor widgets | Context: {"widget_count":2}
[13:23:37 UTC] [INFO] Processing Elementor widgets | Context: {"widget_count":0}
[13:23:37 UTC] [INFO] Completed processing Elementor widgets | Context: {"processed_count":0}
[13:23:37 UTC] [INFO] Processing Elementor widgets | Context: {"widget_count":0}
[13:23:37 UTC] [INFO] Completed processing Elementor widgets | Context: {"processed_count":0}
[13:23:37 UTC] [INFO] Completed processing Elementor widgets | Context: {"processed_count":2}
[13:23:38 UTC] [INFO] Processing Elementor widgets | Context: {"widget_count":0}
[13:23:38 UTC] [INFO] Completed processing Elementor widgets | Context: {"processed_count":0}
[13:23:38 UTC] [INFO] Completed processing Elementor widgets | Context: {"processed_count":4}
[13:23:38 UTC] [INFO] Processing Elementor widgets | Context: {"widget_count":2}
[13:23:38 UTC] [INFO] Processing Elementor widgets | Context: {"widget_count":0}
[13:23:38 UTC] [INFO] Completed processing Elementor widgets | Context: {"processed_count":0}
[13:23:38 UTC] [INFO] Processing Elementor widgets | Context: {"widget_count":0}
[13:23:38 UTC] [INFO] Completed processing Elementor widgets | Context: {"processed_count":0}
[13:23:38 UTC] [INFO] Completed processing Elementor widgets | Context: {"processed_count":2}
[13:23:38 UTC] [INFO] Completed processing Elementor widgets | Context: {"processed_count":2}
[13:23:38 UTC] [INFO] Processing Elementor widgets | Context: {"widget_count":2}
[13:23:38 UTC] [INFO] Processing Elementor widgets | Context: {"widget_count":2}
[13:23:38 UTC] [INFO] Processing Elementor widgets | Context: {"widget_count":0}
[13:23:39 UTC] [INFO] Completed processing Elementor widgets | Context: {"processed_count":0}
[13:23:39 UTC] [INFO] Processing Elementor widgets | Context: {"widget_count":0}
[13:23:39 UTC] [INFO] Completed processing Elementor widgets | Context: {"processed_count":0}
[13:23:39 UTC] [INFO] Completed processing Elementor widgets | Context: {"processed_count":2}
[13:23:39 UTC] [INFO] Processing Elementor widgets | Context: {"widget_count":4}
[13:23:39 UTC] [INFO] Processing Elementor widgets | Context: {"widget_count":0}
[13:23:39 UTC] [INFO] Completed processing Elementor widgets | Context: {"processed_count":0}
[13:23:39 UTC] [INFO] Processing Elementor widgets | Context: {"widget_count":0}
[13:23:39 UTC] [INFO] Completed processing Elementor widgets | Context: {"processed_count":0}
[13:23:39 UTC] [INFO] Processing Elementor widgets | Context: {"widget_count":2}
[13:23:39 UTC] [INFO] Processing Elementor widgets | Context: {"widget_count":0}
[13:23:39 UTC] [INFO] Completed processing Elementor widgets | Context: {"processed_count":0}
[13:23:40 UTC] [INFO] Processing Elementor widgets | Context: {"widget_count":0}
[13:23:40 UTC] [INFO] Completed processing Elementor widgets | Context: {"processed_count":0}
[13:23:40 UTC] [INFO] Completed processing Elementor widgets | Context: {"processed_count":2}
[13:23:40 UTC] [INFO] Processing Elementor widgets | Context: {"widget_count":0}
[13:23:40 UTC] [INFO] Completed processing Elementor widgets | Context: {"processed_count":0}
[13:23:40 UTC] [INFO] Completed processing Elementor widgets | Context: {"processed_count":4}
[13:23:40 UTC] [INFO] Completed processing Elementor widgets | Context: {"processed_count":2}
[13:23:40 UTC] [INFO] Completed processing Elementor widgets | Context: {"processed_count":2}
[13:23:40 UTC] [INFO] Completed processing Elementor widgets | Context: {"processed_count":1}
[13:23:40 UTC] [INFO] Processing Elementor widgets | Context: {"widget_count":1}
[13:23:40 UTC] [INFO] Processing Elementor widgets | Context: {"widget_count":6}
[13:23:40 UTC] [INFO] Processing Elementor widgets | Context: {"widget_count":0}
[13:23:41 UTC] [INFO] Completed processing Elementor widgets | Context: {"processed_count":0}
[13:23:41 UTC] [INFO] Processing Elementor widgets | Context: {"widget_count":0}
[13:23:41 UTC] [INFO] Completed processing Elementor widgets | Context: {"processed_count":0}
[13:23:41 UTC] [INFO] Processing Elementor widgets | Context: {"widget_count":0}
[13:23:41 UTC] [INFO] Completed processing Elementor widgets | Context: {"processed_count":0}
[13:23:41 UTC] [INFO] Processing Elementor widgets | Context: {"widget_count":0}
[13:23:41 UTC] [INFO] Completed processing Elementor widgets | Context: {"processed_count":0}
[13:23:41 UTC] [INFO] Processing Elementor widgets | Context: {"widget_count":0}
[13:23:41 UTC] [INFO] Completed processing Elementor widgets | Context: {"processed_count":0}
[13:23:41 UTC] [INFO] Processing Elementor widgets | Context: {"widget_count":0}
[13:23:41 UTC] [INFO] Completed processing Elementor widgets | Context: {"processed_count":0}
[13:23:41 UTC] [INFO] Completed processing Elementor widgets | Context: {"processed_count":6}
[13:23:42 UTC] [INFO] Completed processing Elementor widgets | Context: {"processed_count":1}
[13:23:42 UTC] [INFO] Completed processing Elementor widgets | Context: {"processed_count":5}
[13:23:42 UTC] [SUCCESS] Updated Elementor data successfully | Context: {"post_id":2492}
[13:23:42 UTC] [INFO] Cleared Elementor cache | Context: {"post_id":2492}
[13:23:42 UTC] [SUCCESS] Completed processing Elementor post | Context: {"post_id":2492}
[13:23:42 UTC] [INFO] Processing Elementor post | Context: {"post_id":1417}
[13:23:42 UTC] [INFO] Skipping post - not an Elementor page or missing data | Context: {"post_id":1417,"has_version":false,"has_data":false}
[13:23:42 UTC] [INFO] Processing Elementor post | Context: {"post_id":8}
[13:23:42 UTC] [INFO] Processing Elementor widgets | Context: {"widget_count":5}
[13:23:42 UTC] [INFO] Processing Elementor widgets | Context: {"widget_count":1}
[13:23:42 UTC] [INFO] Processing Elementor widgets | Context: {"widget_count":1}
[13:23:42 UTC] [INFO] Processing Elementor widgets | Context: {"widget_count":0}
[13:23:43 UTC] [INFO] Completed processing Elementor widgets | Context: {"processed_count":0}
[13:23:43 UTC] [INFO] Completed processing Elementor widgets | Context: {"processed_count":1}
[13:23:43 UTC] [INFO] Completed processing Elementor widgets | Context: {"processed_count":1}
[13:23:43 UTC] [INFO] Processing Elementor widgets | Context: {"widget_count":2}
[13:23:43 UTC] [INFO] Processing Elementor widgets | Context: {"widget_count":3}
[13:23:43 UTC] [INFO] Processing Elementor widgets | Context: {"widget_count":0}
[13:23:43 UTC] [INFO] Completed processing Elementor widgets | Context: {"processed_count":0}
[13:23:43 UTC] [INFO] Processing Elementor widgets | Context: {"widget_count":0}
[13:23:43 UTC] [INFO] Completed processing Elementor widgets | Context: {"processed_count":0}
[13:23:43 UTC] [INFO] Processing Elementor widgets | Context: {"widget_count":0}
[13:23:43 UTC] [INFO] Completed processing Elementor widgets | Context: {"processed_count":0}
[13:23:44 UTC] [INFO] Completed processing Elementor widgets | Context: {"processed_count":3}
[13:23:44 UTC] [INFO] Processing Elementor widgets | Context: {"widget_count":1}
[13:23:44 UTC] [INFO] Processing Elementor widgets | Context: {"widget_count":0}
[13:23:44 UTC] [INFO] Completed processing Elementor widgets | Context: {"processed_count":0}
[13:23:44 UTC] [INFO] Completed processing Elementor widgets | Context: {"processed_count":1}
[13:23:44 UTC] [INFO] Completed processing Elementor widgets | Context: {"processed_count":2}
[13:23:44 UTC] [INFO] Processing Elementor widgets | Context: {"widget_count":1}
[13:23:44 UTC] [INFO] Processing Elementor widgets | Context: {"widget_count":2}
[13:23:44 UTC] [INFO] Processing Elementor widgets | Context: {"widget_count":0}
[13:23:44 UTC] [INFO] Completed processing Elementor widgets | Context: {"processed_count":0}
[13:23:44 UTC] [INFO] Processing Elementor widgets | Context: {"widget_count":3}
[13:23:44 UTC] [INFO] Processing Elementor widgets | Context: {"widget_count":3}
[13:23:45 UTC] [INFO] Processing Elementor widgets | Context: {"widget_count":0}
[13:23:45 UTC] [INFO] Completed processing Elementor widgets | Context: {"processed_count":0}
[13:23:45 UTC] [INFO] Processing Elementor widgets | Context: {"widget_count":0}
[13:23:45 UTC] [INFO] Completed processing Elementor widgets | Context: {"processed_count":0}
[13:23:45 UTC] [INFO] Processing Elementor widgets | Context: {"widget_count":0}
[13:23:45 UTC] [INFO] Completed processing Elementor widgets | Context: {"processed_count":0}
[13:23:45 UTC] [INFO] Completed processing Elementor widgets | Context: {"processed_count":3}
[13:23:45 UTC] [INFO] Processing Elementor widgets | Context: {"widget_count":3}
[13:23:45 UTC] [INFO] Processing Elementor widgets | Context: {"widget_count":0}
[13:23:45 UTC] [INFO] Completed processing Elementor widgets | Context: {"processed_count":0}
[13:23:45 UTC] [INFO] Processing Elementor widgets | Context: {"widget_count":0}
[13:23:46 UTC] [INFO] Completed processing Elementor widgets | Context: {"processed_count":0}
[13:23:46 UTC] [INFO] Processing Elementor widgets | Context: {"widget_count":0}
[13:23:46 UTC] [INFO] Completed processing Elementor widgets | Context: {"processed_count":0}
[13:23:46 UTC] [INFO] Completed processing Elementor widgets | Context: {"processed_count":3}
[13:23:46 UTC] [INFO] Processing Elementor widgets | Context: {"widget_count":3}
[13:23:46 UTC] [INFO] Processing Elementor widgets | Context: {"widget_count":0}
[13:23:46 UTC] [INFO] Completed processing Elementor widgets | Context: {"processed_count":0}
[13:23:46 UTC] [INFO] Processing Elementor widgets | Context: {"widget_count":0}
[13:23:46 UTC] [INFO] Completed processing Elementor widgets | Context: {"processed_count":0}
[13:23:46 UTC] [INFO] Processing Elementor widgets | Context: {"widget_count":0}
[13:23:46 UTC] [INFO] Completed processing Elementor widgets | Context: {"processed_count":0}
[13:23:46 UTC] [INFO] Completed processing Elementor widgets | Context: {"processed_count":3}
[13:23:47 UTC] [INFO] Completed processing Elementor widgets | Context: {"processed_count":3}
[13:23:47 UTC] [INFO] Completed processing Elementor widgets | Context: {"processed_count":2}
[13:23:47 UTC] [INFO] Completed processing Elementor widgets | Context: {"processed_count":1}
[13:23:47 UTC] [INFO] Processing Elementor widgets | Context: {"widget_count":2}
[13:23:47 UTC] [INFO] Processing Elementor widgets | Context: {"widget_count":1}
[13:23:47 UTC] [INFO] Processing Elementor widgets | Context: {"widget_count":0}
[13:23:47 UTC] [INFO] Completed processing Elementor widgets | Context: {"processed_count":0}
[13:23:47 UTC] [INFO] Completed processing Elementor widgets | Context: {"processed_count":1}
[13:23:47 UTC] [INFO] Processing Elementor widgets | Context: {"widget_count":2}
[13:23:47 UTC] [INFO] Processing Elementor widgets | Context: {"widget_count":0}
[13:23:48 UTC] [INFO] Completed processing Elementor widgets | Context: {"processed_count":0}
[13:23:48 UTC] [INFO] Processing Elementor widgets | Context: {"widget_count":0}
[13:23:48 UTC] [INFO] Completed processing Elementor widgets | Context: {"processed_count":0}
[13:23:48 UTC] [INFO] Completed processing Elementor widgets | Context: {"processed_count":2}
[13:23:48 UTC] [INFO] Completed processing Elementor widgets | Context: {"processed_count":2}
[13:23:48 UTC] [INFO] Processing Elementor widgets | Context: {"widget_count":1}
[13:23:48 UTC] [INFO] Processing Elementor widgets | Context: {"widget_count":2}
[13:23:48 UTC] [INFO] Processing Elementor widgets | Context: {"widget_count":0}
[13:23:48 UTC] [INFO] Completed processing Elementor widgets | Context: {"processed_count":0}
[13:23:48 UTC] [INFO] Processing Elementor widgets | Context: {"widget_count":0}
[13:23:48 UTC] [INFO] Completed processing Elementor widgets | Context: {"processed_count":0}
[13:23:48 UTC] [INFO] Completed processing Elementor widgets | Context: {"processed_count":2}
[13:23:49 UTC] [INFO] Completed processing Elementor widgets | Context: {"processed_count":1}
[13:23:49 UTC] [INFO] Completed processing Elementor widgets | Context: {"processed_count":5}
[13:23:49 UTC] [SUCCESS] Updated Elementor data successfully | Context: {"post_id":8}
[13:23:49 UTC] [INFO] Cleared Elementor cache | Context: {"post_id":8}
[13:23:49 UTC] [SUCCESS] Completed processing Elementor post | Context: {"post_id":8}
[13:23:49 UTC] [SUCCESS] Elementor batch processing completed successfully | Context: {"posts_processed":6}